<?xml version="1.0" encoding="UTF-8"?>
<office:document-meta xmlns:grddl="http://www.w3.org/2003/g/data-view#" xmlns:meta="urn:oasis:names:tc:opendocument:xmlns:meta:1.0" xmlns:dc="http://purl.org/dc/elements/1.1/" xmlns:xlink="http://www.w3.org/1999/xlink" xmlns:ooo="http://openoffice.org/2004/office" xmlns:office="urn:oasis:names:tc:opendocument:xmlns:office:1.0" office:version="1.2">
  <office:meta>
    <meta:creation-date>2020-04-22T14:16:11.897685545</meta:creation-date>
    <dc:date>2020-04-22T16:15:42.536925503</dc:date>
    <meta:editing-duration>PT15M14S</meta:editing-duration>
    <meta:editing-cycles>8</meta:editing-cycles>
    <meta:generator>LibreOffice/6.4.2.2$MacOSX_X86_64 LibreOffice_project/4e471d8c02c9c90f512f7f9ead8875b57fcb1ec3</meta:generator>
    <meta:document-statistic meta:table-count="1" meta:cell-count="2" meta:object-count="5"/>
  </office:meta>
</office:document-meta>