<?xml version="1.0" encoding="UTF-8"?> <office:document-meta xmlns:smil="urn:oasis:names:tc:opendocument:xmlns:smil-compatible:1.0" xmlns:anim="urn:oasis:names:tc:opendocument:xmlns:animation:1.0" xmlns:presentation="urn:oasis:names:tc:opendocument:xmlns:presentation:1.0" xmlns:grddl="http://www.w3.org/2003/g/data-view#" xmlns:meta="urn:oasis:names:tc:opendocument:xmlns:meta:1.0" xmlns:ooo="http://openoffice.org/2004/office" xmlns:dc="http://purl.org/dc/elements/1.1/" xmlns:officeooo="http://openoffice.org/2009/office" xmlns:xlink="http://www.w3.org/1999/xlink" xmlns:office="urn:oasis:names:tc:opendocument:xmlns:office:1.0" office:version="1.3"><office:meta><meta:creation-date>2020-12-11T15:03:24.319502581</meta:creation-date><meta:editing-duration>PT1H21M52S</meta:editing-duration><meta:editing-cycles>6</meta:editing-cycles><meta:generator>LibreOffice/7.0.3.1$MacOSX_X86_64 LibreOffice_project/d7547858d014d4cf69878db179d326fc3483e082</meta:generator><dc:title>Blue Curve</dc:title><dc:date>2020-12-11T16:25:41.817451656</dc:date><meta:document-statistic meta:object-count="40"/></office:meta></office:document-meta>