<?xml version="1.0" encoding="UTF-8" standalone="yes"?>
<xdr:wsDr xmlns:xdr="http://schemas.openxmlformats.org/drawingml/2006/spreadsheetDrawing" xmlns:a="http://schemas.openxmlformats.org/drawingml/2006/main" xmlns:r="http://schemas.openxmlformats.org/officeDocument/2006/relationships"><xdr:twoCellAnchor editAs="oneCell"><xdr:from><xdr:col>1</xdr:col><xdr:colOff>1080</xdr:colOff><xdr:row>2</xdr:row><xdr:rowOff>0</xdr:rowOff></xdr:from><xdr:to><xdr:col>2</xdr:col><xdr:colOff>1440</xdr:colOff><xdr:row>2</xdr:row><xdr:rowOff>1172880</xdr:rowOff></xdr:to><xdr:pic><xdr:nvPicPr><xdr:cNvPr id="0" name="Image 1" descr=""></xdr:cNvPr><xdr:cNvPicPr/></xdr:nvPicPr><xdr:blipFill><a:blip r:embed="rId1"></a:blip><a:stretch/></xdr:blipFill><xdr:spPr><a:xfrm><a:off x="813600" y="325080"/><a:ext cx="1960560" cy="1172880"/></a:xfrm><a:prstGeom prst="rect"><a:avLst/></a:prstGeom><a:ln><a:noFill/></a:ln></xdr:spPr></xdr:pic><xdr:clientData/></xdr:twoCellAnchor><xdr:twoCellAnchor editAs="oneCell"><xdr:from><xdr:col>4</xdr:col><xdr:colOff>0</xdr:colOff><xdr:row>7</xdr:row><xdr:rowOff>0</xdr:rowOff></xdr:from><xdr:to><xdr:col>4</xdr:col><xdr:colOff>511920</xdr:colOff><xdr:row>7</xdr:row><xdr:rowOff>341280</xdr:rowOff></xdr:to><xdr:pic><xdr:nvPicPr><xdr:cNvPr id="1" name="Image 2" descr=""></xdr:cNvPr><xdr:cNvPicPr/></xdr:nvPicPr><xdr:blipFill><a:blip r:embed="rId2"></a:blip><a:stretch/></xdr:blipFill><xdr:spPr><a:xfrm><a:off x="4398480" y="2188080"/><a:ext cx="511920" cy="341280"/></a:xfrm><a:prstGeom prst="rect"><a:avLst/></a:prstGeom><a:ln><a:noFill/></a:ln></xdr:spPr></xdr:pic><xdr:clientData/></xdr:twoCellAnchor></xdr:wsDr>