<?xml version="1.0" encoding="UTF-8" standalone="yes"?>
<c:chartSpace xmlns:c="http://schemas.openxmlformats.org/drawingml/2006/chart" xmlns:a="http://schemas.openxmlformats.org/drawingml/2006/main" xmlns:r="http://schemas.openxmlformats.org/officeDocument/2006/relationships" xmlns:c16r2="http://schemas.microsoft.com/office/drawing/2015/06/chart">
    <c:date1904 val="0"/>
    <c:lang val="en-US"/>
    <c:roundedCorners val="0"/>
    <mc:AlternateContent xmlns:mc="http://schemas.openxmlformats.org/markup-compatibility/2006">
        <mc:Choice Requires="c14" xmlns:c14="http://schemas.microsoft.com/office/drawing/2007/8/2/chart">
            <c14:style val="102"/>
        </mc:Choice>
        <mc:Fallback>
            <c:style val="2"/>
        </mc:Fallback>
    </mc:AlternateContent>
    <c:chart>
        <c:title>
            <c:overlay val="0"/>
            <c:spPr>
                <a:noFill/>
                <a:ln>
                    <a:noFill/>
                </a:ln>
                <a:effectLst/>
            </c:spPr>
            <c:txPr>
                <a:bodyPr rot="0" spcFirstLastPara="1" vertOverflow="ellipsis" vert="horz" wrap="square" anchor="ctr" anchorCtr="1"/>
                <a:lstStyle/>
                <a:p>
                    <a:pPr>
                        <a:defRPr sz="1400" b="0" i="0" u="none" strike="noStrike" kern="1200" spc="0" baseline="0">
                            <a:solidFill>
                                <a:schemeClr val="tx1">
                                    <a:lumMod val="65000"/>
                                    <a:lumOff val="35000"/>
                                </a:schemeClr>
                            </a:solidFill>
                            <a:latin typeface="+mn-lt"/>
                            <a:ea typeface="+mn-ea"/>
                            <a:cs typeface="+mn-cs"/>
                        </a:defRPr>
                    </a:pPr>
                    <a:endParaRPr lang="en-FR"/>
                </a:p>
            </c:txPr>
        </c:title>
        <c:autoTitleDeleted val="0"/>
        <c:plotArea>
            <c:layout/>
            <c:lineChart>
                <c:grouping val="standard"/>
                <c:varyColors val="0"/>
                <c:ser>
                    <c:idx val="0"/>
                    <c:order val="0"/>
                    <c:tx>
                        <c:strRef>
                            <c:f>
                                Feuil1!$B$1
                            </c:f>
                            <c:strCache>
                                <c:ptCount val="1"/>
                                <c:pt idx="0">
                                    <c:v>
                                        Col1
                                    </c:v>
                                </c:pt>
                            </c:strCache>
                        </c:strRef>
                    </c:tx>
                    <c:spPr>
                        <a:ln w="28575" cap="rnd">
                            <a:solidFill>
                                <a:schemeClr val="accent1"/>
                            </a:solidFill>
                            <a:round/>
                        </a:ln>
                        <a:effectLst/>
                    </c:spPr>
                    <c:marker>
                        <c:symbol val="circle"/>
                        <c:size val="5"/>
                        <c:spPr>
                            <a:solidFill>
                                <a:schemeClr val="accent1"/>
                            </a:solidFill>
                            <a:ln w="9525">
                                <a:solidFill>
                                    <a:schemeClr val="accent1"/>
                                </a:solidFill>
                            </a:ln>
                            <a:effectLst/>
                        </c:spPr>
                    </c:marker>
                    <c:cat>
                        <c:strRef>
                            <c:f>
                                Feuil1!$A$2:$A$3
                            </c:f>
                            <c:strCache>
                                <c:ptCount val="3"/>
                                <c:pt idx="0">
                                    <c:v>
                                        chart2_1
                                    </c:v>
                                </c:pt>
                                <c:pt idx="1">
                                    <c:v>
                                        chart2_2
                                    </c:v>
                                </c:pt>
                                <c:pt idx="2">
                                    <c:v>
                                        chart2_3
                                    </c:v>
                                </c:pt>
                            </c:strCache>
                        </c:strRef>
                    </c:cat>
                    <c:val>
                        <c:numRef>
                            <c:f>
                                Feuil1!$B$2:$B$3
                            </c:f>
                            <c:numCache>
                                <c:formatCode>
                                    General
                                </c:formatCode>
                                <c:ptCount val="3"/>
                                <c:pt idx="0">
                                    <c:v>
                                        40
                                    </c:v>
                                </c:pt>
                                <c:pt idx="1">
                                    <c:v>
                                        50
                                    </c:v>
                                </c:pt>
                                <c:pt idx="2">
                                    <c:v>
                                        60
                                    </c:v>
                                </c:pt>
                            </c:numCache>
                        </c:numRef>
                    </c:val>
                    <c:smooth val="0"/>
                    <c:extLst>
                        <c:ext uri="{C3380CC4-5D6E-409C-BE32-E72D297353CC}" xmlns:c16="http://schemas.microsoft.com/office/drawing/2014/chart">
                            <c16:uniqueId val="{00000000-7277-1B47-BAD5-E1A2E6FE0A9E}"/>
                        </c:ext>
                    </c:extLst>
                </c:ser>
                <c:ser>
                    <c:idx val="1"/>
                    <c:order val="1"/>
                    <c:tx>
                        <c:strRef>
                            <c:f>
                                Feuil1!$C$1
                            </c:f>
                            <c:strCache>
                                <c:ptCount val="1"/>
                                <c:pt idx="0">
                                    <c:v>
                                        Col2
                                    </c:v>
                                </c:pt>
                            </c:strCache>
                        </c:strRef>
                    </c:tx>
                    <c:spPr>
                        <a:ln w="28575" cap="rnd">
                            <a:solidFill>
                                <a:schemeClr val="accent2"/>
                            </a:solidFill>
                            <a:round/>
                        </a:ln>
                        <a:effectLst/>
                    </c:spPr>
                    <c:marker>
                        <c:symbol val="circle"/>
                        <c:size val="5"/>
                        <c:spPr>
                            <a:solidFill>
                                <a:schemeClr val="accent2"/>
                            </a:solidFill>
                            <a:ln w="9525">
                                <a:solidFill>
                                    <a:schemeClr val="accent2"/>
                                </a:solidFill>
                            </a:ln>
                            <a:effectLst/>
                        </c:spPr>
                    </c:marker>
                    <c:cat>
                        <c:strRef>
                            <c:f>
                                Feuil1!$A$2:$A$3
                            </c:f>
                            <c:strCache>
                                <c:ptCount val="3"/>
                                <c:pt idx="0">
                                    <c:v>
                                        chart2_1
                                    </c:v>
                                </c:pt>
                                <c:pt idx="1">
                                    <c:v>
                                        chart2_2
                                    </c:v>
                                </c:pt>
                                <c:pt idx="2">
                                    <c:v>
                                        chart2_3
                                    </c:v>
                                </c:pt>
                            </c:strCache>
                        </c:strRef>
                    </c:cat>
                    <c:val>
                        <c:numRef>
                            <c:f>
                                Feuil1!$C$2:$C$3
                            </c:f>
                            <c:numCache>
                                <c:formatCode>
                                    General
                                </c:formatCode>
                                <c:ptCount val="3"/>
                                <c:pt idx="0">
                                    <c:v>
                                        400.1
                                    </c:v>
                                </c:pt>
                                <c:pt idx="1">
                                    <c:v>
                                        500.2
                                    </c:v>
                                </c:pt>
                                <c:pt idx="2">
                                    <c:v>
                                        600.3
                                    </c:v>
                                </c:pt>
                            </c:numCache>
                        </c:numRef>
                    </c:val>
                    <c:smooth val="0"/>
                    <c:extLst>
                        <c:ext uri="{C3380CC4-5D6E-409C-BE32-E72D297353CC}" xmlns:c16="http://schemas.microsoft.com/office/drawing/2014/chart">
                            <c16:uniqueId val="{00000001-7277-1B47-BAD5-E1A2E6FE0A9E}"/>
                        </c:ext>
                    </c:extLst>
                </c:ser>
                <c:dLbls>
                    <c:showLegendKey val="0"/>
                    <c:showVal val="0"/>
                    <c:showCatName val="0"/>
                    <c:showSerName val="0"/>
                    <c:showPercent val="0"/>
                    <c:showBubbleSize val="0"/>
                </c:dLbls>
                <c:marker val="1"/>
                <c:smooth val="0"/>
                <c:axId val="770639456"/>
                <c:axId val="770622816"/>
            </c:lineChart>
            <c:catAx>
                <c:axId val="770639456"/>
                <c:scaling>
                    <c:orientation val="minMax"/>
                </c:scaling>
                <c:delete val="0"/>
                <c:axPos val="b"/>
                <c:numFmt formatCode="General" sourceLinked="1"/>
                <c:majorTickMark val="none"/>
                <c:minorTickMark val="none"/>
                <c:tickLblPos val="nextTo"/>
                <c:spPr>
                    <a:noFill/>
                    <a:ln w="9525" cap="flat" cmpd="sng" algn="ctr">
                        <a:solidFill>
                            <a:schemeClr val="tx1">
                                <a:lumMod val="15000"/>
                                <a:lumOff val="85000"/>
                            </a:schemeClr>
                        </a:solidFill>
                        <a:round/>
                    </a:ln>
                    <a:effectLst/>
                </c:spPr>
                <c:txPr>
                    <a:bodyPr rot="-60000000" spcFirstLastPara="1" vertOverflow="ellipsis" vert="horz" wrap="square" anchor="ctr" anchorCtr="1"/>
                    <a:lstStyle/>
                    <a:p>
                        <a:pPr>
                            <a:defRPr sz="900" b="0" i="0" u="none" strike="noStrike" kern="1200" baseline="0">
                                <a:solidFill>
                                    <a:schemeClr val="tx1">
                                        <a:lumMod val="65000"/>
                                        <a:lumOff val="35000"/>
                                    </a:schemeClr>
                                </a:solidFill>
                                <a:latin typeface="+mn-lt"/>
                                <a:ea typeface="+mn-ea"/>
                                <a:cs typeface="+mn-cs"/>
                            </a:defRPr>
                        </a:pPr>
                        <a:endParaRPr lang="en-FR"/>
                    </a:p>
                </c:txPr>
                <c:crossAx val="770622816"/>
                <c:crosses val="autoZero"/>
                <c:auto val="1"/>
                <c:lblAlgn val="ctr"/>
                <c:lblOffset val="100"/>
                <c:noMultiLvlLbl val="0"/>
            </c:catAx>
            <c:valAx>
                <c:axId val="770622816"/>
                <c:scaling>
                    <c:orientation val="minMax"/>
                </c:scaling>
                <c:delete val="0"/>
                <c:axPos val="l"/>
                <c:majorGridlines>
                    <c:spPr>
                        <a:ln w="9525" cap="flat" cmpd="sng" algn="ctr">
                            <a:solidFill>
                                <a:schemeClr val="tx1">
                                    <a:lumMod val="15000"/>
                                    <a:lumOff val="85000"/>
                                </a:schemeClr>
                            </a:solidFill>
                            <a:round/>
                        </a:ln>
                        <a:effectLst/>
                    </c:spPr>
                </c:majorGridlines>
                <c:numFmt formatCode="General" sourceLinked="1"/>
                <c:majorTickMark val="none"/>
                <c:minorTickMark val="none"/>
                <c:tickLblPos val="nextTo"/>
                <c:spPr>
                    <a:noFill/>
                    <a:ln>
                        <a:noFill/>
                    </a:ln>
                    <a:effectLst/>
                </c:spPr>
                <c:txPr>
                    <a:bodyPr rot="-60000000" spcFirstLastPara="1" vertOverflow="ellipsis" vert="horz" wrap="square" anchor="ctr" anchorCtr="1"/>
                    <a:lstStyle/>
                    <a:p>
                        <a:pPr>
                            <a:defRPr sz="900" b="0" i="0" u="none" strike="noStrike" kern="1200" baseline="0">
                                <a:solidFill>
                                    <a:schemeClr val="tx1">
                                        <a:lumMod val="65000"/>
                                        <a:lumOff val="35000"/>
                                    </a:schemeClr>
                                </a:solidFill>
                                <a:latin typeface="+mn-lt"/>
                                <a:ea typeface="+mn-ea"/>
                                <a:cs typeface="+mn-cs"/>
                            </a:defRPr>
                        </a:pPr>
                        <a:endParaRPr lang="en-FR"/>
                    </a:p>
                </c:txPr>
                <c:crossAx val="770639456"/>
                <c:crosses val="autoZero"/>
                <c:crossBetween val="between"/>
            </c:valAx>
            <c:spPr>
                <a:noFill/>
                <a:ln>
                    <a:noFill/>
                </a:ln>
                <a:effectLst/>
            </c:spPr>
        </c:plotArea>
        <c:legend>
            <c:legendPos val="b"/>
            <c:overlay val="0"/>
            <c:spPr>
                <a:noFill/>
                <a:ln>
                    <a:noFill/>
                </a:ln>
                <a:effectLst/>
            </c:spPr>
            <c:txPr>
                <a:bodyPr rot="0" spcFirstLastPara="1" vertOverflow="ellipsis" vert="horz" wrap="square" anchor="ctr" anchorCtr="1"/>
                <a:lstStyle/>
                <a:p>
                    <a:pPr>
                        <a:defRPr sz="900" b="0" i="0" u="none" strike="noStrike" kern="1200" baseline="0">
                            <a:solidFill>
                                <a:schemeClr val="tx1">
                                    <a:lumMod val="65000"/>
                                    <a:lumOff val="35000"/>
                                </a:schemeClr>
                            </a:solidFill>
                            <a:latin typeface="+mn-lt"/>
                            <a:ea typeface="+mn-ea"/>
                            <a:cs typeface="+mn-cs"/>
                        </a:defRPr>
                    </a:pPr>
                    <a:endParaRPr lang="en-FR"/>
                </a:p>
            </c:txPr>
        </c:legend>
        <c:plotVisOnly val="1"/>
        <c:dispBlanksAs val="gap"/>
        <c:extLst>
            <c:ext uri="{56B9EC1D-385E-4148-901F-78D8002777C0}" xmlns:c16r3="http://schemas.microsoft.com/office/drawing/2017/03/chart">
                <c16r3:dataDisplayOptions16>
                    <c16r3:dispNaAsBlank val="1"/>
                </c16r3:dataDisplayOptions16>
            </c:ext>
        </c:extLst>
        <c:showDLblsOverMax val="0"/>
    </c:chart>
    <c:spPr>
        <a:solidFill>
            <a:schemeClr val="bg1"/>
        </a:solidFill>
        <a:ln w="9525" cap="flat" cmpd="sng" algn="ctr">
            <a:solidFill>
                <a:schemeClr val="tx1">
                    <a:lumMod val="15000"/>
                    <a:lumOff val="85000"/>
                </a:schemeClr>
            </a:solidFill>
            <a:round/>
        </a:ln>
        <a:effectLst/>
    </c:spPr>
    <c:txPr>
        <a:bodyPr/>
        <a:lstStyle/>
        <a:p>
            <a:pPr>
                <a:defRPr/>
            </a:pPr>
            <a:endParaRPr lang="en-FR"/>
        </a:p>
    </c:txPr>
</c:chartSpace>