<?xml version="1.0" encoding="UTF-8"?>
<office:document-meta office:version="1.2" xmlns:dc="http://purl.org/dc/elements/1.1/" xmlns:grddl="http://www.w3.org/2003/g/data-view#" xmlns:meta="urn:oasis:names:tc:opendocument:xmlns:meta:1.0" xmlns:office="urn:oasis:names:tc:opendocument:xmlns:office:1.0" xmlns:ooo="http://openoffice.org/2004/office" xmlns:xlink="http://www.w3.org/1999/xlink">
  <office:meta>
    <meta:creation-date>2020-01-30T11:14:00.990768860</meta:creation-date>
    <dc:date>2020-01-30T11:14:46.772986580</dc:date>
    <meta:editing-duration>PT45S</meta:editing-duration>
    <meta:editing-cycles>2</meta:editing-cycles>
    <meta:generator>LibreOffice/6.3.4.2$MacOSX_X86_64 LibreOffice_project/60da17e045e08f1793c57c00ba83cdfce946d0aa</meta:generator>
    <meta:document-statistic meta:character-count="0" meta:image-count="1" meta:non-whitespace-character-count="0" meta:object-count="0" meta:page-count="1" meta:paragraph-count="0" meta:table-count="0" meta:word-count="0"/>
  </office:meta>
</office:document-meta>