<?xml version="1.0" encoding="UTF-8"?>
<office:document-meta xmlns:grddl="http://www.w3.org/2003/g/data-view#" xmlns:meta="urn:oasis:names:tc:opendocument:xmlns:meta:1.0" xmlns:ooo="http://openoffice.org/2004/office" xmlns:dc="http://purl.org/dc/elements/1.1/" xmlns:xlink="http://www.w3.org/1999/xlink" xmlns:office="urn:oasis:names:tc:opendocument:xmlns:office:1.0" office:version="1.3">
  <office:meta>
    <meta:creation-date>2020-11-15T08:17:57.728335339</meta:creation-date>
    <dc:date>2021-12-30T11:41:46.601949642</dc:date>
    <meta:editing-duration>PT37M23S</meta:editing-duration>
    <meta:editing-cycles>3</meta:editing-cycles>
    <meta:generator>LibreOffice/7.2.3.2$MacOSX_X86_64 LibreOffice_project/d166454616c1632304285822f9c83ce2e660fd92</meta:generator>
    <meta:document-statistic meta:table-count="0" meta:image-count="0" meta:object-count="1" meta:page-count="1" meta:paragraph-count="0" meta:word-count="0" meta:character-count="0" meta:non-whitespace-character-count="0"/>
  </office:meta>
</office:document-meta>