<?xml version="1.0" encoding="UTF-8" standalone="yes"?> <xdr:wsDr xmlns:xdr="http://schemas.openxmlformats.org/drawingml/2006/spreadsheetDrawing" xmlns:a="http://schemas.openxmlformats.org/drawingml/2006/main" xmlns:r="http://schemas.openxmlformats.org/officeDocument/2006/relationships"><xdr:twoCellAnchor editAs="oneCell"><xdr:from><xdr:col>0</xdr:col><xdr:colOff>700920</xdr:colOff><xdr:row>4</xdr:row><xdr:rowOff>51480</xdr:rowOff></xdr:from><xdr:to><xdr:col>3</xdr:col><xdr:colOff>726480</xdr:colOff><xdr:row>14</xdr:row><xdr:rowOff>60120</xdr:rowOff></xdr:to><xdr:pic><xdr:nvPicPr><xdr:cNvPr id="8" name="Image 2" descr=""></xdr:cNvPr><xdr:cNvPicPr/></xdr:nvPicPr><xdr:blipFill><a:blip r:embed="rIdCarbone7"></a:blip><a:stretch/></xdr:blipFill><xdr:spPr><a:xfrm><a:off x="700920" y="701640"/><a:ext cx="2463840" cy="1634040"/></a:xfrm><a:prstGeom prst="rect"><a:avLst/></a:prstGeom><a:ln><a:noFill/></a:ln></xdr:spPr></xdr:pic><xdr:clientData/></xdr:twoCellAnchor></xdr:wsDr>