<?xml version="1.0" encoding="UTF-8"?>
<office:document-content xmlns:anim="urn:oasis:names:tc:opendocument:xmlns:animation:1.0" xmlns:smil="urn:oasis:names:tc:opendocument:xmlns:smil-compatible:1.0" xmlns:presentation="urn:oasis:names:tc:opendocument:xmlns:presentation:1.0" xmlns:css3t="http://www.w3.org/TR/css3-text/" xmlns:grddl="http://www.w3.org/2003/g/data-view#" xmlns:xhtml="http://www.w3.org/1999/xhtml" xmlns:xsi="http://www.w3.org/2001/XMLSchema-instance" xmlns:xsd="http://www.w3.org/2001/XMLSchema" xmlns:xforms="http://www.w3.org/2002/xforms" xmlns:dom="http://www.w3.org/2001/xml-events" xmlns:script="urn:oasis:names:tc:opendocument:xmlns:script:1.0" xmlns:form="urn:oasis:names:tc:opendocument:xmlns:form:1.0" xmlns:math="http://www.w3.org/1998/Math/MathML" xmlns:number="urn:oasis:names:tc:opendocument:xmlns:datastyle:1.0" xmlns:field="urn:openoffice:names:experimental:ooo-ms-interop:xmlns:field:1.0" xmlns:meta="urn:oasis:names:tc:opendocument:xmlns:meta:1.0" xmlns:loext="urn:org:documentfoundation:names:experimental:office:xmlns:loext:1.0" xmlns:officeooo="http://openoffice.org/2009/office" xmlns:table="urn:oasis:names:tc:opendocument:xmlns:table:1.0" xmlns:chart="urn:oasis:names:tc:opendocument:xmlns:chart:1.0" xmlns:formx="urn:openoffice:names:experimental:ooxml-odf-interop:xmlns:form:1.0" xmlns:svg="urn:oasis:names:tc:opendocument:xmlns:svg-compatible:1.0" xmlns:rpt="http://openoffice.org/2005/report" xmlns:dr3d="urn:oasis:names:tc:opendocument:xmlns:dr3d:1.0" xmlns:tableooo="http://openoffice.org/2009/table" xmlns:draw="urn:oasis:names:tc:opendocument:xmlns:drawing:1.0" xmlns:of="urn:oasis:names:tc:opendocument:xmlns:of:1.2" xmlns:text="urn:oasis:names:tc:opendocument:xmlns:text:1.0" xmlns:style="urn:oasis:names:tc:opendocument:xmlns:style:1.0" xmlns:dc="http://purl.org/dc/elements/1.1/" xmlns:calcext="urn:org:documentfoundation:names:experimental:calc:xmlns:calcext:1.0" xmlns:oooc="http://openoffice.org/2004/calc" xmlns:xlink="http://www.w3.org/1999/xlink" xmlns:drawooo="http://openoffice.org/2010/draw" xmlns:ooow="http://openoffice.org/2004/writer" xmlns:fo="urn:oasis:names:tc:opendocument:xmlns:xsl-fo-compatible:1.0" xmlns:ooo="http://openoffice.org/2004/office" xmlns:office="urn:oasis:names:tc:opendocument:xmlns:office:1.0" office:version="1.3">
  <office:scripts/>
  <office:font-face-decls>
    <style:font-face style:name="Arial Unicode MS" svg:font-family="&apos;Arial Unicode MS&apos;" style:font-family-generic="system" style:font-pitch="variable"/>
    <style:font-face style:name="Liberation Sans" svg:font-family="&apos;Liberation Sans&apos;" style:font-family-generic="roman" style:font-pitch="variable"/>
    <style:font-face style:name="Liberation Serif" svg:font-family="&apos;Liberation Serif&apos;" style:font-family-generic="roman" style:font-pitch="variable"/>
    <style:font-face style:name="Noto Sans" svg:font-family="&apos;Noto Sans&apos;" style:font-family-generic="roman" style:font-pitch="variable"/>
    <style:font-face style:name="PingFang SC" svg:font-family="&apos;PingFang SC&apos;" style:font-family-generic="system" style:font-pitch="variable"/>
    <style:font-face style:name="Tahoma" svg:font-family="Tahoma" style:font-family-generic="system" style:font-pitch="variable"/>
  </office:font-face-decls>
  <office:automatic-styles>
    <style:style style:name="dp1" style:family="drawing-page">
      <style:drawing-page-properties presentation:background-visible="true" presentation:background-objects-visible="true" presentation:display-footer="true" presentation:display-page-number="false" presentation:display-date-time="true"/>
    </style:style>
    <style:style style:name="dp2" style:family="drawing-page">
      <style:drawing-page-properties presentation:display-header="true" presentation:display-footer="true" presentation:display-page-number="false" presentation:display-date-time="true"/>
    </style:style>
    <style:style style:name="gr1" style:family="graphic" style:parent-style-name="Object_20_with_20_no_20_fill_20_and_20_no_20_line">
      <style:graphic-properties draw:textarea-horizontal-align="center" draw:textarea-vertical-align="middle" draw:ole-draw-aspect="1" loext:decorative="false"/>
    </style:style>
    <style:style style:name="gr2" style:family="graphic" style:parent-style-name="standard">
      <style:graphic-properties draw:stroke="none" svg:stroke-color="#000000" draw:fill="none" draw:fill-color="#ffffff" draw:textarea-horizontal-align="left" draw:auto-grow-height="true" draw:auto-grow-width="true" fo:min-height="0cm" fo:min-width="0cm" loext:decorative="false"/>
      <style:paragraph-properties style:writing-mode="lr-tb"/>
    </style:style>
    <style:style style:name="gr3" style:family="graphic">
      <style:graphic-properties style:protect="size" loext:decorative="false"/>
    </style:style>
    <style:style style:name="pr1" style:family="presentation" style:parent-style-name="Default-notes">
      <style:graphic-properties draw:fill-color="#ffffff" fo:min-height="13.364cm" loext:decorative="false"/>
      <style:paragraph-properties style:writing-mode="lr-tb"/>
    </style:style>
    <style:style style:name="P1" style:family="paragraph">
      <style:paragraph-properties fo:text-align="center"/>
    </style:style>
    <style:style style:name="P2" style:family="paragraph">
      <loext:graphic-properties draw:fill="none" draw:fill-color="#ffffff"/>
    </style:style>
    <style:style style:name="P3" style:family="paragraph">
      <loext:graphic-properties draw:fill-color="#ffffff"/>
    </style:style>
    <text:list-style style:name="L1">
      <text:list-level-style-bullet text:level="1" text:bullet-char="●">
        <style:list-level-properties text:min-label-width="0.6cm"/>
        <style:text-properties fo:font-family="OpenSymbol" style:use-window-font-color="true" fo:font-size="45%"/>
      </text:list-level-style-bullet>
      <text:list-level-style-bullet text:level="2" text:bullet-char="●">
        <style:list-level-properties text:space-before="0.6cm" text:min-label-width="0.6cm"/>
        <style:text-properties fo:font-family="OpenSymbol" style:use-window-font-color="true" fo:font-size="45%"/>
      </text:list-level-style-bullet>
      <text:list-level-style-bullet text:level="3" text:bullet-char="●">
        <style:list-level-properties text:space-before="1.2cm" text:min-label-width="0.6cm"/>
        <style:text-properties fo:font-family="OpenSymbol" style:use-window-font-color="true" fo:font-size="45%"/>
      </text:list-level-style-bullet>
      <text:list-level-style-bullet text:level="4" text:bullet-char="●">
        <style:list-level-properties text:space-before="1.8cm" text:min-label-width="0.6cm"/>
        <style:text-properties fo:font-family="OpenSymbol" style:use-window-font-color="true" fo:font-size="45%"/>
      </text:list-level-style-bullet>
      <text:list-level-style-bullet text:level="5" text:bullet-char="●">
        <style:list-level-properties text:space-before="2.4cm" text:min-label-width="0.6cm"/>
        <style:text-properties fo:font-family="OpenSymbol" style:use-window-font-color="true" fo:font-size="45%"/>
      </text:list-level-style-bullet>
      <text:list-level-style-bullet text:level="6" text:bullet-char="●">
        <style:list-level-properties text:space-before="3cm" text:min-label-width="0.6cm"/>
        <style:text-properties fo:font-family="OpenSymbol" style:use-window-font-color="true" fo:font-size="45%"/>
      </text:list-level-style-bullet>
      <text:list-level-style-bullet text:level="7" text:bullet-char="●">
        <style:list-level-properties text:space-before="3.6cm" text:min-label-width="0.6cm"/>
        <style:text-properties fo:font-family="OpenSymbol" style:use-window-font-color="true" fo:font-size="45%"/>
      </text:list-level-style-bullet>
      <text:list-level-style-bullet text:level="8" text:bullet-char="●">
        <style:list-level-properties text:space-before="4.2cm" text:min-label-width="0.6cm"/>
        <style:text-properties fo:font-family="OpenSymbol" style:use-window-font-color="true" fo:font-size="45%"/>
      </text:list-level-style-bullet>
      <text:list-level-style-bullet text:level="9" text:bullet-char="●">
        <style:list-level-properties text:space-before="4.8cm" text:min-label-width="0.6cm"/>
        <style:text-properties fo:font-family="OpenSymbol" style:use-window-font-color="true" fo:font-size="45%"/>
      </text:list-level-style-bullet>
      <text:list-level-style-bullet text:level="10" text:bullet-char="●">
        <style:list-level-properties text:space-before="5.4cm" text:min-label-width="0.6cm"/>
        <style:text-properties fo:font-family="OpenSymbol" style:use-window-font-color="true" fo:font-size="45%"/>
      </text:list-level-style-bullet>
    </text:list-style>
  </office:automatic-styles>
  <office:body>
    <office:presentation>
      <draw:page draw:name="page1" draw:style-name="dp1" draw:master-page-name="Default" presentation:presentation-page-layout-name="AL1T0">
        <draw:frame draw:style-name="gr1" draw:text-style-name="P1" draw:layer="layout" svg:width="10.446cm" svg:height="6.13cm" svg:x="2.694cm" svg:y="1.237cm">
          <draw:object xlink:href="./Object 1c0" xlink:type="simple" xlink:show="embed" xlink:actuate="onLoad">
            <loext:p/>
          </draw:object>
          <draw:image xlink:href="./ObjectReplacements/Object 1" xlink:type="simple" xlink:show="embed" xlink:actuate="onLoad"/>
        </draw:frame>
        <draw:frame draw:style-name="gr2" draw:text-style-name="P2" draw:layer="layout" svg:width="3.495cm" svg:height="0.962cm" svg:x="3.005cm" svg:y="9cm">
          <draw:text-box>
            <text:p>
              row1
            </text:p>
          </draw:text-box>
        </draw:frame>
        <presentation:notes draw:style-name="dp2">
          <draw:page-thumbnail draw:style-name="gr3" draw:layer="layout" svg:width="19.798cm" svg:height="11.136cm" svg:x="0.6cm" svg:y="2.257cm" draw:page-number="1" presentation:class="page"/>
          <draw:frame presentation:style-name="pr1" draw:text-style-name="P3" draw:layer="layout" svg:width="16.799cm" svg:height="13.364cm" svg:x="2.1cm" svg:y="14.107cm" presentation:class="notes" presentation:placeholder="true">
            <draw:text-box/>
          </draw:frame>
        </presentation:notes>
      </draw:page>
      <draw:page draw:name="page2" draw:style-name="dp1" draw:master-page-name="Default" presentation:presentation-page-layout-name="AL2T1">
        <draw:frame draw:style-name="gr1" draw:text-style-name="P1" draw:layer="layout" svg:width="7.697cm" svg:height="5.635cm" svg:x="3cm" svg:y="4.5cm">
          <draw:object xlink:href="./Object 2c1" xlink:type="simple" xlink:show="embed" xlink:actuate="onLoad">
            <loext:p/>
          </draw:object>
          <draw:image xlink:href="./ObjectReplacements/Object 2" xlink:type="simple" xlink:show="embed" xlink:actuate="onLoad"/>
        </draw:frame>
        <presentation:notes draw:style-name="dp2">
          <draw:page-thumbnail draw:style-name="gr3" draw:layer="layout" svg:width="19.798cm" svg:height="11.136cm" svg:x="0.6cm" svg:y="2.257cm" draw:page-number="2" presentation:class="page"/>
          <draw:frame presentation:style-name="pr1" draw:text-style-name="P3" draw:layer="layout" svg:width="16.799cm" svg:height="13.364cm" svg:x="2.1cm" svg:y="14.107cm" presentation:class="notes" presentation:placeholder="true">
            <draw:text-box/>
          </draw:frame>
        </presentation:notes>
      </draw:page>
      <presentation:settings presentation:mouse-visible="false"/>
    </office:presentation>
  </office:body>
</office:document-content>