<?xml version="1.0" encoding="UTF-8"?>
<office:document-meta xmlns:officeooo="http://openoffice.org/2009/office" xmlns:anim="urn:oasis:names:tc:opendocument:xmlns:animation:1.0" xmlns:smil="urn:oasis:names:tc:opendocument:xmlns:smil-compatible:1.0" xmlns:presentation="urn:oasis:names:tc:opendocument:xmlns:presentation:1.0" xmlns:grddl="http://www.w3.org/2003/g/data-view#" xmlns:meta="urn:oasis:names:tc:opendocument:xmlns:meta:1.0" xmlns:dc="http://purl.org/dc/elements/1.1/" xmlns:xlink="http://www.w3.org/1999/xlink" xmlns:ooo="http://openoffice.org/2004/office" xmlns:office="urn:oasis:names:tc:opendocument:xmlns:office:1.0" office:version="1.3">
  <office:meta>
    <meta:initial-creator>
    </meta:initial-creator>
    <meta:creation-date>
      2023-08-03T11:40:48.621126659
    </meta:creation-date>
    <dc:date>
      2023-08-04T10:54:58.263812969
    </dc:date>
    <dc:creator>
    </dc:creator>
    <meta:editing-duration>
      PT6M41S
    </meta:editing-duration>
    <meta:editing-cycles>
      4
    </meta:editing-cycles>
    <meta:generator>
      LibreOffice/7.6.0.1$MacOSX_X86_64 LibreOffice_project/776eaf34564cbf3f034a0ba1fd1d5c32ff9ccf1c
    </meta:generator>
    <meta:document-statistic meta:object-count="28"/>
  </office:meta>
</office:document-meta>