<?xml version="1.0" encoding="UTF-8" standalone="yes"?>
<w:document xmlns:wpc="http://schemas.microsoft.com/office/word/2010/wordprocessingCanvas" xmlns:cx="http://schemas.microsoft.com/office/drawing/2014/chartex" xmlns:cx1="http://schemas.microsoft.com/office/drawing/2015/9/8/chartex" xmlns:cx2="http://schemas.microsoft.com/office/drawing/2015/10/21/chartex" xmlns:cx3="http://schemas.microsoft.com/office/drawing/2016/5/9/chartex" xmlns:cx4="http://schemas.microsoft.com/office/drawing/2016/5/10/chartex" xmlns:cx5="http://schemas.microsoft.com/office/drawing/2016/5/11/chartex" xmlns:cx6="http://schemas.microsoft.com/office/drawing/2016/5/12/chartex" xmlns:cx7="http://schemas.microsoft.com/office/drawing/2016/5/13/chartex" xmlns:cx8="http://schemas.microsoft.com/office/drawing/2016/5/14/chartex" xmlns:mc="http://schemas.openxmlformats.org/markup-compatibility/2006" xmlns:aink="http://schemas.microsoft.com/office/drawing/2016/ink" xmlns:am3d="http://schemas.microsoft.com/office/drawing/2017/model3d" xmlns:o="urn:schemas-microsoft-com:office:office" xmlns:r="http://schemas.openxmlformats.org/officeDocument/2006/relationships" xmlns:m="http://schemas.openxmlformats.org/officeDocument/2006/math" xmlns:v="urn:schemas-microsoft-com:vml" xmlns:wp14="http://schemas.microsoft.com/office/word/2010/wordprocessingDrawing" xmlns:wp="http://schemas.openxmlformats.org/drawingml/2006/wordprocessingDrawing" xmlns:w10="urn:schemas-microsoft-com:office:word" xmlns:w="http://schemas.openxmlformats.org/wordprocessingml/2006/main" xmlns:w14="http://schemas.microsoft.com/office/word/2010/wordml" xmlns:w15="http://schemas.microsoft.com/office/word/2012/wordml" xmlns:w16cex="http://schemas.microsoft.com/office/word/2018/wordml/cex" xmlns:w16cid="http://schemas.microsoft.com/office/word/2016/wordml/cid" xmlns:w16="http://schemas.microsoft.com/office/word/2018/wordml" xmlns:w16sdtdh="http://schemas.microsoft.com/office/word/2020/wordml/sdtdatahash" xmlns:w16se="http://schemas.microsoft.com/office/word/2015/wordml/symex" xmlns:wpg="http://schemas.microsoft.com/office/word/2010/wordprocessingGroup" xmlns:wpi="http://schemas.microsoft.com/office/word/2010/wordprocessingInk" xmlns:wne="http://schemas.microsoft.com/office/word/2006/wordml" xmlns:wps="http://schemas.microsoft.com/office/word/2010/wordprocessingShape" mc:Ignorable="w14 w15 w16se w16cid w16 w16cex w16sdtdh wp14">
  <w:body>
    <w:p w14:paraId="03F93716" w14:textId="77777777" w:rsidR="00601250" w:rsidRDefault="00601250">
      <w:pPr>
        <w:rPr>
          <w:rFonts w:ascii="DejaVu Sans" w:hAnsi="DejaVu Sans" w:cs="DejaVu Sans"/>
          <w:sz w:val="16"/>
          <w:szCs w:val="16"/>
        </w:rPr>
      </w:pPr>
    </w:p>
    <w:p w14:paraId="2C268EA5" w14:textId="77777777" w:rsidR="00324896" w:rsidRDefault="00324896">
      <w:pPr>
        <w:rPr>
          <w:rFonts w:ascii="DejaVu Sans" w:hAnsi="DejaVu Sans" w:cs="DejaVu Sans"/>
          <w:sz w:val="16"/>
          <w:szCs w:val="16"/>
        </w:rPr>
      </w:pPr>
    </w:p>
    <w:p w14:paraId="3D06B98A" w14:textId="77777777" w:rsidR="00324896" w:rsidRDefault="00324896">
      <w:pPr>
        <w:rPr>
          <w:rFonts w:ascii="DejaVu Sans" w:hAnsi="DejaVu Sans" w:cs="DejaVu Sans"/>
          <w:sz w:val="16"/>
          <w:szCs w:val="16"/>
        </w:rPr>
      </w:pPr>
    </w:p>
    <w:p w14:paraId="549EF6F6" w14:textId="208B4F26" w:rsidR="00324896" w:rsidRDefault="00600530">
      <w:pPr>
        <w:rPr>
          <w:rFonts w:ascii="DejaVu Sans" w:hAnsi="DejaVu Sans" w:cs="DejaVu Sans"/>
          <w:sz w:val="16"/>
          <w:szCs w:val="16"/>
        </w:rPr>
      </w:pPr>
      <w:r>
        <w:rPr>
          <w:rFonts w:ascii="DejaVu Sans" w:hAnsi="DejaVu Sans" w:cs="DejaVu Sans"/>
          <w:b/>
          <w:noProof/>
          <w:sz w:val="14"/>
          <w:szCs w:val="14"/>
        </w:rPr>
        <mc:AlternateContent>
          <mc:Choice Requires="wps">
            <w:drawing>
              <wp:anchor distT="0" distB="0" distL="114300" distR="114300" simplePos="0" relativeHeight="251659264" behindDoc="0" locked="0" layoutInCell="1" allowOverlap="1" wp14:anchorId="1B8E540F" wp14:editId="5145B062">
                <wp:simplePos x="0" y="0"/>
                <wp:positionH relativeFrom="column">
                  <wp:posOffset>0</wp:posOffset>
                </wp:positionH>
                <wp:positionV relativeFrom="page">
                  <wp:posOffset>1853967</wp:posOffset>
                </wp:positionV>
                <wp:extent cx="154305" cy="154305"/>
                <wp:effectExtent l="0" t="0" r="10795" b="10795"/>
                <wp:wrapSquare wrapText="bothSides"/>
                <wp:docPr id="1" name="Form45" descr="{d.permitToWork.permitType.items[i].image.content}"/>
                <wp:cNvGraphicFramePr/>
                <a:graphic xmlns:a="http://schemas.openxmlformats.org/drawingml/2006/main">
                  <a:graphicData uri="http://schemas.microsoft.com/office/word/2010/wordprocessingShape">
                    <wps:wsp>
                      <wps:cNvSpPr/>
                      <wps:spPr>
                        <a:xfrm>
                          <a:off x="0" y="0"/>
                          <a:ext cx="154305" cy="154305"/>
                        </a:xfrm>
                        <a:prstGeom prst="rect">
                          <a:avLst/>
                        </a:prstGeom>
                        <a:solidFill>
                          <a:srgbClr val="729FCF"/>
                        </a:solidFill>
                        <a:ln w="0">
                          <a:solidFill>
                            <a:srgbClr val="3465A4"/>
                          </a:solidFill>
                        </a:ln>
                      </wps:spPr>
                      <wps:style>
                        <a:lnRef idx="0">
                          <a:scrgbClr r="0" g="0" b="0"/>
                        </a:lnRef>
                        <a:fillRef idx="0">
                          <a:scrgbClr r="0" g="0" b="0"/>
                        </a:fillRef>
                        <a:effectRef idx="0">
                          <a:scrgbClr r="0" g="0" b="0"/>
                        </a:effectRef>
                        <a:fontRef idx="minor"/>
                      </wps:style>
                      <wps:bodyPr/>
                    </wps:wsp>
                  </a:graphicData>
                </a:graphic>
                <wp14:sizeRelH relativeFrom="margin">
                  <wp14:pctWidth>0</wp14:pctWidth>
                </wp14:sizeRelH>
                <wp14:sizeRelV relativeFrom="margin">
                  <wp14:pctHeight>0</wp14:pctHeight>
                </wp14:sizeRelV>
              </wp:anchor>
            </w:drawing>
          </mc:Choice>
          <mc:Fallback>
            <w:pict>
              <v:rect w14:anchorId="2E513BFB" id="Form45" o:spid="_x0000_s1026" alt="{d.image[i].value}" style="position:absolute;margin-left:0;margin-top:146pt;width:12.15pt;height:12.15pt;z-index:251659264;visibility:visible;mso-wrap-style:square;mso-width-percent:0;mso-height-percent:0;mso-wrap-distance-left:9pt;mso-wrap-distance-top:0;mso-wrap-distance-right:9pt;mso-wrap-distance-bottom:0;mso-position-horizontal:absolute;mso-position-horizontal-relative:text;mso-position-vertical:absolute;mso-position-vertical-relative:page;mso-width-percent:0;mso-height-percent:0;mso-width-relative:margin;mso-height-relative:margin;v-text-anchor:top" o:gfxdata="UEsDBBQABgAIAAAAIQC2gziS/gAAAOEBAAATAAAAW0NvbnRlbnRfVHlwZXNdLnhtbJSRQU7DMBBF&#xD;&#xA;90jcwfIWJU67QAgl6YK0S0CoHGBkTxKLZGx5TGhvj5O2G0SRWNoz/78nu9wcxkFMGNg6quQqL6RA&#xD;&#xA;0s5Y6ir5vt9lD1JwBDIwOMJKHpHlpr69KfdHjyxSmriSfYz+USnWPY7AufNIadK6MEJMx9ApD/oD&#xD;&#xA;OlTrorhX2lFEilmcO2RdNtjC5xDF9pCuTyYBB5bi6bQ4syoJ3g9WQ0ymaiLzg5KdCXlKLjvcW893&#xD;&#xA;SUOqXwnz5DrgnHtJTxOsQfEKIT7DmDSUCaxw7Rqn8787ZsmRM9e2VmPeBN4uqYvTtW7jvijg9N/y&#xD;&#xA;JsXecLq0q+WD6m8AAAD//wMAUEsDBBQABgAIAAAAIQA4/SH/1gAAAJQBAAALAAAAX3JlbHMvLnJl&#xD;&#xA;bHOkkMFqwzAMhu+DvYPRfXGawxijTi+j0GvpHsDYimMaW0Yy2fr2M4PBMnrbUb/Q94l/f/hMi1qR&#xD;&#xA;JVI2sOt6UJgd+ZiDgffL8ekFlFSbvV0oo4EbChzGx4f9GRdb25HMsYhqlCwG5lrLq9biZkxWOiqY&#xD;&#xA;22YiTra2kYMu1l1tQD30/bPm3wwYN0x18gb45AdQl1tp5j/sFB2T0FQ7R0nTNEV3j6o9feQzro1i&#xD;&#xA;OWA14Fm+Q8a1a8+Bvu/d/dMb2JY5uiPbhG/ktn4cqGU/er3pcvwCAAD//wMAUEsDBBQABgAIAAAA&#xD;&#xA;IQCGDx5+uwEAAPkDAAAOAAAAZHJzL2Uyb0RvYy54bWysU9tuEzEQfUfiHyy/k92kSaGrbCrUKrwg&#xD;&#xA;QJR+gOMdZy35Jttkk79nPNluCpWQinjxjtc+Z+acGa9vj9awA8SkvWv5fFZzBk76Trt9yx9/bN99&#xD;&#xA;4Cxl4TphvIOWnyDx283bN+shNLDwvTcdRIYkLjVDaHmfc2iqKskerEgzH8DhofLRiozbuK+6KAZk&#xD;&#xA;t6Za1PV1NfjYheglpIR/78+HfEP8SoHMX5VKkJlpOdaWaY207spabdai2UcRei3HMsQ/VGGFdph0&#xD;&#xA;oroXWbCfUb+gslpGn7zKM+lt5ZXSEkgDqpnXf6h56EUA0oLmpDDZlP4frfxyeAjfItowhNQkDIuK&#xD;&#xA;o4q2fLE+diSzTpNZcMxM4s/5anlVrziTeDTGyFJdwCGm/Am8ZSVoecRekEXi8Dnl89WnKyVX8kZ3&#xD;&#xA;W20MbeJ+d2ciOwjs2/vFzfZuW1qF7L9dM44NpbC/46+W16uPy5d4ZDMOSS/KKconA4XQuO+gmO7I&#xD;&#xA;AMogx6rO84MDjhP1NEVEhoByUaGKV2JHSEEDje0r8ROI8nuXJ7zVzkcS/0xdCXe+O1HnyQCcL/J3&#xD;&#xA;fAtlgJ/vyabLi938AgAA//8DAFBLAwQUAAYACAAAACEAFu9AF+IAAAAMAQAADwAAAGRycy9kb3du&#xD;&#xA;cmV2LnhtbEyPS0/DMBCE70j8B2uRuCDqNEERpNlUPITgRNXHhZsbL3HU2I5ipwn/nuUEl9WuRjM7&#xD;&#xA;X7mebSfONITWO4TlIgFBrva6dQ3CYf96ew8iROW06rwjhG8KsK4uL0pVaD+5LZ13sREc4kKhEEyM&#xD;&#xA;fSFlqA1ZFRa+J8falx+sinwOjdSDmjjcdjJNklxa1Tr+YFRPz4bq0260CJ/NJsmfsrE+mffN9LF9&#xD;&#xA;u6l9S4jXV/PLisfjCkSkOf454JeB+0PFxY5+dDqIDoFpIkL6kPLCcnqXgTgiZMs8A1mV8j9E9QMA&#xD;&#xA;AP//AwBQSwECLQAUAAYACAAAACEAtoM4kv4AAADhAQAAEwAAAAAAAAAAAAAAAAAAAAAAW0NvbnRl&#xD;&#xA;bnRfVHlwZXNdLnhtbFBLAQItABQABgAIAAAAIQA4/SH/1gAAAJQBAAALAAAAAAAAAAAAAAAAAC8B&#xD;&#xA;AABfcmVscy8ucmVsc1BLAQItABQABgAIAAAAIQCGDx5+uwEAAPkDAAAOAAAAAAAAAAAAAAAAAC4C&#xD;&#xA;AABkcnMvZTJvRG9jLnhtbFBLAQItABQABgAIAAAAIQAW70AX4gAAAAwBAAAPAAAAAAAAAAAAAAAA&#xD;&#xA;ABUEAABkcnMvZG93bnJldi54bWxQSwUGAAAAAAQABADzAAAAJAUAAAAA&#xD;&#xA;" fillcolor="#729fcf" strokecolor="#3465a4" strokeweight="0">
                <w10:wrap type="square" anchory="page"/>
              </v:rect>
            </w:pict>
          </mc:Fallback>
        </mc:AlternateContent>
      </w:r>
    </w:p>
    <w:p w14:paraId="40A92AD7" w14:textId="77777777" w:rsidR="00000E33" w:rsidRDefault="00000E33">
      <w:pPr>
        <w:rPr>
          <w:rFonts w:ascii="DejaVu Sans" w:hAnsi="DejaVu Sans" w:cs="DejaVu Sans"/>
          <w:b/>
          <w:sz w:val="14"/>
          <w:szCs w:val="14"/>
          <w:lang w:val="en-US"/>
        </w:rPr>
      </w:pPr>
    </w:p>
    <w:p w14:paraId="3619E8A4" w14:textId="6D46654D" w:rsidR="00324896" w:rsidRDefault="00324896">
      <w:pPr>
        <w:rPr>
          <w:rFonts w:ascii="DejaVu Sans" w:hAnsi="DejaVu Sans" w:cs="DejaVu Sans"/>
          <w:sz w:val="16"/>
          <w:szCs w:val="16"/>
        </w:rPr>
      </w:pPr>
      <w:r w:rsidRPr="008C22ED">
        <w:rPr>
          <w:rFonts w:ascii="DejaVu Sans" w:hAnsi="DejaVu Sans" w:cs="DejaVu Sans"/>
          <w:b/>
          <w:sz w:val="14"/>
          <w:szCs w:val="14"/>
          <w:lang w:val="en-US"/>
        </w:rPr>
        <w:t>{d.image[i</w:t>
      </w:r>
      <w:r>
        <w:rPr>
          <w:rFonts w:ascii="DejaVu Sans" w:hAnsi="DejaVu Sans" w:cs="DejaVu Sans"/>
          <w:b/>
          <w:sz w:val="14"/>
          <w:szCs w:val="14"/>
          <w:lang w:val="en-US"/>
        </w:rPr>
        <w:t>+1</w:t>
      </w:r>
      <w:r w:rsidRPr="008C22ED">
        <w:rPr>
          <w:rFonts w:ascii="DejaVu Sans" w:hAnsi="DejaVu Sans" w:cs="DejaVu Sans"/>
          <w:b/>
          <w:sz w:val="14"/>
          <w:szCs w:val="14"/>
          <w:lang w:val="en-US"/>
        </w:rPr>
        <w:t>].value}</w:t>
      </w:r>
    </w:p>
    <w:p w14:paraId="7395E4B5" w14:textId="452E6952" w:rsidR="00324896" w:rsidRDefault="00324896">
      <w:pPr>
        <w:rPr>
          <w:rFonts w:ascii="DejaVu Sans" w:hAnsi="DejaVu Sans" w:cs="DejaVu Sans"/>
          <w:sz w:val="16"/>
          <w:szCs w:val="16"/>
        </w:rPr>
        <w:sectPr w:rsidR="00324896">
          <w:headerReference w:type="even" r:id="rId9"/>
          <w:headerReference w:type="default" r:id="rId10"/>
          <w:footerReference w:type="even" r:id="rId11"/>
          <w:footerReference w:type="default" r:id="rId12"/>
          <w:headerReference w:type="first" r:id="rId13"/>
          <w:footerReference w:type="first" r:id="rId14"/>
          <w:pgSz w:w="12240" w:h="15840"/>
          <w:pgMar w:top="1440" w:right="1440" w:bottom="1077" w:left="1440" w:header="720" w:footer="491" w:gutter="0"/>
          <w:cols w:space="720"/>
          <w:formProt w:val="0"/>
          <w:docGrid w:linePitch="360" w:charSpace="8192"/>
        </w:sectPr>
      </w:pPr>
    </w:p>
    <w:p w14:paraId="7395E525" w14:textId="64EAA8F3" w:rsidR="00601250" w:rsidRDefault="00C16BC4">
      <w:pPr>
        <w:rPr>
          <w:rFonts w:ascii="DejaVu Sans" w:hAnsi="DejaVu Sans" w:cs="DejaVu Sans"/>
          <w:sz w:val="10"/>
          <w:szCs w:val="10"/>
        </w:rPr>
      </w:pPr>
      <w:r>
        <w:rPr>
          <w:rFonts w:ascii="DejaVu Sans" w:hAnsi="DejaVu Sans" w:cs="DejaVu Sans"/>
          <w:sz w:val="10"/>
          <w:szCs w:val="10"/>
        </w:rPr>
        <w:t>aa</w:t>
      </w:r>
    </w:p>
    <w:sectPr w:rsidR="00601250">
      <w:headerReference w:type="default" r:id="rId15"/>
      <w:footerReference w:type="default" r:id="rId16"/>
      <w:pgSz w:w="12240" w:h="15840"/>
      <w:pgMar w:top="1440" w:right="1440" w:bottom="1060" w:left="1440" w:header="720" w:footer="720" w:gutter="0"/>
      <w:cols w:space="720"/>
      <w:formProt w:val="0"/>
      <w:docGrid w:linePitch="360" w:charSpace="8192"/>
    </w:sectPr>
  </w:body>
</w:document>