<?xml version="1.0" encoding="UTF-8"?>
<office:document-content xmlns:css3t="http://www.w3.org/TR/css3-text/" xmlns:grddl="http://www.w3.org/2003/g/data-view#" xmlns:xhtml="http://www.w3.org/1999/xhtml" xmlns:xsi="http://www.w3.org/2001/XMLSchema-instance" xmlns:xsd="http://www.w3.org/2001/XMLSchema" xmlns:xforms="http://www.w3.org/2002/xforms" xmlns:dom="http://www.w3.org/2001/xml-events" xmlns:script="urn:oasis:names:tc:opendocument:xmlns:script:1.0" xmlns:form="urn:oasis:names:tc:opendocument:xmlns:form:1.0" xmlns:math="http://www.w3.org/1998/Math/MathML" xmlns:number="urn:oasis:names:tc:opendocument:xmlns:datastyle:1.0" xmlns:field="urn:openoffice:names:experimental:ooo-ms-interop:xmlns:field:1.0" xmlns:meta="urn:oasis:names:tc:opendocument:xmlns:meta:1.0" xmlns:loext="urn:org:documentfoundation:names:experimental:office:xmlns:loext:1.0" xmlns:table="urn:oasis:names:tc:opendocument:xmlns:table:1.0" xmlns:chart="urn:oasis:names:tc:opendocument:xmlns:chart:1.0" xmlns:formx="urn:openoffice:names:experimental:ooxml-odf-interop:xmlns:form:1.0" xmlns:svg="urn:oasis:names:tc:opendocument:xmlns:svg-compatible:1.0" xmlns:rpt="http://openoffice.org/2005/report" xmlns:dr3d="urn:oasis:names:tc:opendocument:xmlns:dr3d:1.0" xmlns:tableooo="http://openoffice.org/2009/table" xmlns:draw="urn:oasis:names:tc:opendocument:xmlns:drawing:1.0" xmlns:of="urn:oasis:names:tc:opendocument:xmlns:of:1.2" xmlns:text="urn:oasis:names:tc:opendocument:xmlns:text:1.0" xmlns:style="urn:oasis:names:tc:opendocument:xmlns:style:1.0" xmlns:dc="http://purl.org/dc/elements/1.1/" xmlns:calcext="urn:org:documentfoundation:names:experimental:calc:xmlns:calcext:1.0" xmlns:oooc="http://openoffice.org/2004/calc" xmlns:xlink="http://www.w3.org/1999/xlink" xmlns:drawooo="http://openoffice.org/2010/draw" xmlns:ooow="http://openoffice.org/2004/writer" xmlns:chartooo="http://openoffice.org/2010/chart" xmlns:fo="urn:oasis:names:tc:opendocument:xmlns:xsl-fo-compatible:1.0" xmlns:ooo="http://openoffice.org/2004/office" xmlns:office="urn:oasis:names:tc:opendocument:xmlns:office:1.0" office:version="1.3">
  <office:automatic-styles>
    <number:number-style style:name="N0">
      <number:number number:min-integer-digits="1"/>
    </number:number-style>
    <style:style style:name="ch1" style:family="chart">
      <style:graphic-properties draw:stroke="none" draw:fill="none"/>
    </style:style>
    <style:style style:name="ch2" style:family="chart">
      <style:chart-properties chart:auto-position="true"/>
      <style:graphic-properties draw:stroke="none" svg:stroke-color="#b3b3b3" draw:fill="none" draw:fill-color="#e6e6e6"/>
      <style:text-properties fo:font-size="10pt" style:font-size-asian="10pt" style:font-size-complex="10pt"/>
    </style:style>
    <style:style style:name="ch3" style:family="chart">
      <style:chart-properties chart:include-hidden-cells="false" chart:auto-position="true" chart:auto-size="true" chart:right-angled-axes="true"/>
    </style:style>
    <style:style style:name="ch4" style:family="chart" style:data-style-name="N0">
      <style:chart-properties chart:display-label="true" chart:logarithmic="false" chart:reverse-direction="true" text:line-break="false" loext:try-staggering-first="false" chart:link-data-style-to-source="true" chart:axis-position="0"/>
      <style:graphic-properties svg:stroke-color="#b3b3b3"/>
      <style:text-properties fo:font-size="10pt" style:font-size-asian="10pt" style:font-size-complex="10pt"/>
    </style:style>
    <style:style style:name="ch5" style:family="chart" style:data-style-name="N0">
      <style:chart-properties chart:display-label="true" chart:logarithmic="false" chart:reverse-direction="false" text:line-break="false" loext:try-staggering-first="false" chart:link-data-style-to-source="true" chart:axis-position="0"/>
      <style:graphic-properties svg:stroke-color="#b3b3b3"/>
      <style:text-properties fo:font-size="10pt" style:font-size-asian="10pt" style:font-size-complex="10pt"/>
    </style:style>
    <style:style style:name="ch6" style:family="chart">
      <style:graphic-properties svg:stroke-color="#b3b3b3"/>
    </style:style>
    <style:style style:name="ch7" style:family="chart" style:data-style-name="N0">
      <style:chart-properties chart:link-data-style-to-source="true"/>
      <style:graphic-properties draw:stroke="none" draw:fill-color="#004586" dr3d:edge-rounding="5%"/>
      <style:text-properties fo:font-size="10pt" style:font-size-asian="10pt" style:font-size-complex="10pt"/>
    </style:style>
    <style:style style:name="ch8" style:family="chart">
      <style:chart-properties chart:solid-type="cuboid"/>
      <style:graphic-properties draw:fill-color="#004586"/>
    </style:style>
    <style:style style:name="ch9" style:family="chart">
      <style:chart-properties chart:solid-type="cuboid"/>
      <style:graphic-properties draw:fill-color="#ff420e"/>
    </style:style>
    <style:style style:name="ch10" style:family="chart">
      <style:chart-properties chart:solid-type="cuboid"/>
      <style:graphic-properties draw:fill-color="#ffd320"/>
    </style:style>
    <style:style style:name="ch11" style:family="chart">
      <style:chart-properties chart:solid-type="cuboid"/>
      <style:graphic-properties draw:fill-color="#579d1c"/>
    </style:style>
    <style:style style:name="ch12" style:family="chart" style:data-style-name="N0">
      <style:chart-properties chart:link-data-style-to-source="true"/>
      <style:graphic-properties draw:stroke="none" draw:fill-color="#ff420e" dr3d:edge-rounding="5%"/>
      <style:text-properties fo:font-size="10pt" style:font-size-asian="10pt" style:font-size-complex="10pt"/>
    </style:style>
    <style:style style:name="ch13" style:family="chart" style:data-style-name="N0">
      <style:chart-properties chart:link-data-style-to-source="true"/>
      <style:graphic-properties draw:stroke="none" draw:fill-color="#ffd320" dr3d:edge-rounding="5%"/>
      <style:text-properties fo:font-size="10pt" style:font-size-asian="10pt" style:font-size-complex="10pt"/>
    </style:style>
    <style:style style:name="ch14" style:family="chart">
      <style:graphic-properties draw:stroke="solid" svg:stroke-color="#b3b3b3" draw:fill="none" draw:fill-color="#e6e6e6"/>
    </style:style>
    <style:style style:name="ch15" style:family="chart">
      <style:graphic-properties svg:stroke-color="#b3b3b3" draw:fill-color="#cccccc"/>
    </style:style>
  </office:automatic-styles>
  <office:body>
    <office:chart>
      <chart:chart svg:width="7.698cm" svg:height="5.636cm" xlink:href="." xlink:type="simple" chart:class="chart:circle" chart:style-name="ch1">
        <chart:legend chart:legend-position="end" svg:x="5.973cm" svg:y="1.78cm" style:legend-expansion="high" chart:style-name="ch2"/>
        <chart:plot-area chart:style-name="ch3" chart:data-source-has-labels="both" svg:x="0.35cm" svg:y="0.35cm" svg:width="5.273cm" svg:height="4.936cm">
          <chart:coordinate-region svg:x="0.519cm" svg:y="0.351cm" svg:width="4.935cm" svg:height="4.935cm"/>
          <chart:axis chart:dimension="x" chart:name="primary-x" chart:style-name="ch4" chartooo:axis-type="auto">
            <chartooo:date-scale/>
            <chart:categories table:cell-range-address="local-table.$A$2:.$A$5"/>
          </chart:axis>
          <chart:axis chart:dimension="y" chart:name="primary-y" chart:style-name="ch5">
            <chart:grid chart:style-name="ch6" chart:class="major"/>
          </chart:axis>
          <chart:series chart:style-name="ch7" chart:values-cell-range-address="local-table.$B$2:.$B$5" chart:label-cell-address="local-table.$B$1" chart:class="chart:circle">
            <chart:data-point chart:style-name="ch8"/>
            <chart:data-point chart:style-name="ch9"/>
            <chart:data-point chart:style-name="ch10"/>
            <chart:data-point chart:style-name="ch11"/>
          </chart:series>
          <chart:series chart:style-name="ch12" chart:values-cell-range-address="local-table.$C$2:.$C$5" chart:label-cell-address="local-table.$C$1" chart:class="chart:circle">
            <chart:data-point chart:style-name="ch8"/>
            <chart:data-point chart:style-name="ch9"/>
            <chart:data-point chart:style-name="ch10"/>
            <chart:data-point chart:style-name="ch11"/>
          </chart:series>
          <chart:series chart:style-name="ch13" chart:values-cell-range-address="local-table.$D$2:.$D$5" chart:label-cell-address="local-table.$D$1" chart:class="chart:circle">
            <chart:data-point chart:style-name="ch8"/>
            <chart:data-point chart:style-name="ch9"/>
            <chart:data-point chart:style-name="ch10"/>
            <chart:data-point chart:style-name="ch11"/>
          </chart:series>
          <chart:wall chart:style-name="ch14"/>
          <chart:floor chart:style-name="ch15"/>
        </chart:plot-area>
        <table:table table:name="local-table">
          <table:table-header-columns>
            <table:table-column/>
          </table:table-header-columns>
          <table:table-columns>
            <table:table-column table:number-columns-repeated="3"/>
          </table:table-columns>
          <table:table-header-rows>
            <table:table-row>
              <table:table-cell>
                <text:p/>
              </table:table-cell>
              <table:table-cell office:value-type="string">
                <text:p>
                  Column 1
                </text:p>
              </table:table-cell>
              <table:table-cell office:value-type="string">
                <text:p>
                  Column 2
                </text:p>
              </table:table-cell>
              <table:table-cell office:value-type="string">
                <text:p>
                  Column 3
                </text:p>
              </table:table-cell>
            </table:table-row>
          </table:table-header-rows>
          <table:table-rows>
            <table:table-row>
              <table:table-cell office:value-type="string">
                <text:p>
                  Row 1
                </text:p>
              </table:table-cell>
              <table:table-cell office:value-type="float" office:value="9.1">
                <text:p>
                  9.1
                </text:p>
              </table:table-cell>
              <table:table-cell office:value-type="float" office:value="3.2">
                <text:p>
                  3.2
                </text:p>
              </table:table-cell>
              <table:table-cell office:value-type="float" office:value="4.54">
                <text:p>
                  4.54
                </text:p>
              </table:table-cell>
            </table:table-row>
            <table:table-row>
              <table:table-cell office:value-type="string">
                <text:p>
                  Row 2
                </text:p>
              </table:table-cell>
              <table:table-cell office:value-type="float" office:value="2.4">
                <text:p>
                  2.4
                </text:p>
              </table:table-cell>
              <table:table-cell office:value-type="float" office:value="8.8">
                <text:p>
                  8.8
                </text:p>
              </table:table-cell>
              <table:table-cell office:value-type="float" office:value="9.65">
                <text:p>
                  9.65
                </text:p>
              </table:table-cell>
            </table:table-row>
            <table:table-row>
              <table:table-cell office:value-type="string">
                <text:p>
                  Row 3
                </text:p>
              </table:table-cell>
              <table:table-cell office:value-type="float" office:value="3.1">
                <text:p>
                  3.1
                </text:p>
              </table:table-cell>
              <table:table-cell office:value-type="float" office:value="1.5">
                <text:p>
                  1.5
                </text:p>
              </table:table-cell>
              <table:table-cell office:value-type="float" office:value="3.7">
                <text:p>
                  3.7
                </text:p>
              </table:table-cell>
            </table:table-row>
            <table:table-row>
              <table:table-cell office:value-type="string">
                <text:p>
                  Row 4
                </text:p>
              </table:table-cell>
              <table:table-cell office:value-type="float" office:value="4.3">
                <text:p>
                  4.3
                </text:p>
              </table:table-cell>
              <table:table-cell office:value-type="float" office:value="9.02">
                <text:p>
                  9.02
                </text:p>
              </table:table-cell>
              <table:table-cell office:value-type="float" office:value="6.2">
                <text:p>
                  6.2
                </text:p>
              </table:table-cell>
            </table:table-row>
          </table:table-rows>
        </table:table>
      </chart:chart>
    </office:chart>
  </office:body>
</office:document-content>