<?xml version="1.0" encoding="UTF-8" standalone="yes"?>
<p:sld xmlns:a="http://schemas.openxmlformats.org/drawingml/2006/main" xmlns:r="http://schemas.openxmlformats.org/officeDocument/2006/relationships" xmlns:p="http://schemas.openxmlformats.org/presentationml/2006/main">
  <p:cSld>
    <p:spTree>
      <p:nvGrpSpPr>
        <p:cNvPr id="1" name=""/>
        <p:cNvGrpSpPr/>
        <p:nvPr/>
      </p:nvGrpSpPr>
      <p:grpSpPr>
        <a:xfrm>
          <a:off x="0" y="0"/>
          <a:ext cx="0" cy="0"/>
          <a:chOff x="0" y="0"/>
          <a:chExt cx="0" cy="0"/>
        </a:xfrm>
      </p:grpSpPr>
      <p:graphicFrame>
        <p:nvGraphicFramePr>
          <p:cNvPr id="4" name="Chart 3">
            <a:extLst>
              <a:ext uri="{FF2B5EF4-FFF2-40B4-BE49-F238E27FC236}">
                <a16:creationId xmlns:a16="http://schemas.microsoft.com/office/drawing/2014/main" id="{AD114209-85EC-98F2-6C01-8D5ADCCB9BE5}"/>
              </a:ext>
            </a:extLst>
          </p:cNvPr>
          <p:cNvGraphicFramePr/>
          <p:nvPr>
            <p:extLst>
              <p:ext uri="{D42A27DB-BD31-4B8C-83A1-F6EECF244321}">
                <p14:modId xmlns:p14="http://schemas.microsoft.com/office/powerpoint/2010/main" val="888584760"/>
              </p:ext>
            </p:extLst>
          </p:nvPr>
        </p:nvGraphicFramePr>
        <p:xfrm>
          <a:off x="2032000" y="719666"/>
          <a:ext cx="8128000" cy="5418667"/>
        </p:xfrm>
        <a:graphic>
          <a:graphicData uri="http://schemas.openxmlformats.org/drawingml/2006/chart">
            <c:chart xmlns:c="http://schemas.openxmlformats.org/drawingml/2006/chart" xmlns:r="http://schemas.openxmlformats.org/officeDocument/2006/relationships" r:id="slide1_rId2c0"/>
          </a:graphicData>
        </a:graphic>
      </p:graphicFrame>
    </p:spTree>
    <p:extLst>
      <p:ext uri="{BB962C8B-B14F-4D97-AF65-F5344CB8AC3E}">
        <p14:creationId xmlns:p14="http://schemas.microsoft.com/office/powerpoint/2010/main" val="858625915"/>
      </p:ext>
    </p:extLst>
  </p:cSld>
  <p:clrMapOvr>
    <a:masterClrMapping/>
  </p:clrMapOvr>
</p:sld>