<?xml version="1.0" encoding="UTF-8"?>
<office:document-meta xmlns:grddl="http://www.w3.org/2003/g/data-view#" xmlns:meta="urn:oasis:names:tc:opendocument:xmlns:meta:1.0" xmlns:dc="http://purl.org/dc/elements/1.1/" xmlns:xlink="http://www.w3.org/1999/xlink" xmlns:ooo="http://openoffice.org/2004/office" xmlns:office="urn:oasis:names:tc:opendocument:xmlns:office:1.0" office:version="1.2"><office:meta><meta:creation-date>2020-05-15T16:12:54.617343224</meta:creation-date><dc:date>2020-05-15T16:19:35.834804746</dc:date><meta:editing-duration>PT6M39S</meta:editing-duration><meta:editing-cycles>4</meta:editing-cycles><meta:generator>LibreOffice/6.3.6.2$MacOSX_X86_64 LibreOffice_project/2196df99b074d8a661f4036fca8fa0cbfa33a497</meta:generator><meta:document-statistic meta:table-count="0" meta:image-count="3" meta:object-count="0" meta:page-count="1" meta:paragraph-count="6" meta:word-count="15" meta:character-count="102" meta:non-whitespace-character-count="90"/></office:meta></office:document-meta>