<?xml version="1.0" encoding="UTF-8" standalone="yes"?>
<Types xmlns="http://schemas.openxmlformats.org/package/2006/content-types">
  <Default Extension="rels" ContentType="application/vnd.openxmlformats-package.relationships+xml"/>
  <Default Extension="xlsx" ContentType="application/vnd.openxmlformats-officedocument.spreadsheetml.sheet"/>
  <Default Extension="xml" ContentType="application/xml"/>
  <Override PartName="/word/document.xml" ContentType="application/vnd.openxmlformats-officedocument.wordprocessingml.document.main+xml"/>
  <Override PartName="/word/styles.xml" ContentType="application/vnd.openxmlformats-officedocument.wordprocessingml.styles+xml"/>
  <Override PartName="/word/settings.xml" ContentType="application/vnd.openxmlformats-officedocument.wordprocessingml.settings+xml"/>
  <Override PartName="/word/webSettings.xml" ContentType="application/vnd.openxmlformats-officedocument.wordprocessingml.webSettings+xml"/>
  <Override PartName="/word/charts/chart1.xml" ContentType="application/vnd.openxmlformats-officedocument.drawingml.chart+xml"/>
  <Override PartName="/word/charts/style1.xml" ContentType="application/vnd.ms-office.chartstyle+xml"/>
  <Override PartName="/word/charts/colors1.xml" ContentType="application/vnd.ms-office.chartcolorstyle+xml"/>
  <Override PartName="/word/fontTable.xml" ContentType="application/vnd.openxmlformats-officedocument.wordprocessingml.fontTable+xml"/>
  <Override PartName="/word/theme/theme1.xml" ContentType="application/vnd.openxmlformats-officedocument.theme+xml"/>
  <Override PartName="/docProps/core.xml" ContentType="application/vnd.openxmlformats-package.core-properties+xml"/>
  <Override PartName="/docProps/app.xml" ContentType="application/vnd.openxmlformats-officedocument.extended-properties+xml"/>
  <Override PartName="/word/charts/rId4c0_colors.xml" ContentType="application/vnd.ms-office.chartcolorstyle+xml"/>
  <Override PartName="/word/charts/rId4c0_style.xml" ContentType="application/vnd.ms-office.chartstyle+xml"/>
  <Override PartName="/word/charts/rId4c0.xml" ContentType="application/vnd.openxmlformats-officedocument.drawingml.chart+xml"/>
</Types>