<?xml version="1.0" encoding="UTF-8"?>
<office:document-meta xmlns:grddl="http://www.w3.org/2003/g/data-view#" xmlns:chartooo="http://openoffice.org/2010/chart" xmlns:meta="urn:oasis:names:tc:opendocument:xmlns:meta:1.0" xmlns:ooo="http://openoffice.org/2004/office" xmlns:dc="http://purl.org/dc/elements/1.1/" xmlns:xlink="http://www.w3.org/1999/xlink" xmlns:office="urn:oasis:names:tc:opendocument:xmlns:office:1.0" office:version="1.3">
  <office:meta>
    <meta:generator>LibreOffice/7.3.1.2$MacOSX_X86_64 LibreOffice_project/9fff0292474d6d0bf5df787b512c71d9ac4bc98e</meta:generator>
  </office:meta>
</office:document-meta>