<?xml version="1.0" encoding="UTF-8"?>
<office:document-meta xmlns:smil="urn:oasis:names:tc:opendocument:xmlns:smil-compatible:1.0" xmlns:anim="urn:oasis:names:tc:opendocument:xmlns:animation:1.0" xmlns:presentation="urn:oasis:names:tc:opendocument:xmlns:presentation:1.0" xmlns:grddl="http://www.w3.org/2003/g/data-view#" xmlns:meta="urn:oasis:names:tc:opendocument:xmlns:meta:1.0" xmlns:ooo="http://openoffice.org/2004/office" xmlns:dc="http://purl.org/dc/elements/1.1/" xmlns:officeooo="http://openoffice.org/2009/office" xmlns:xlink="http://www.w3.org/1999/xlink" xmlns:office="urn:oasis:names:tc:opendocument:xmlns:office:1.0" office:version="1.3">
  <office:meta>
    <meta:creation-date>2021-05-25T08:02:29.423056280</meta:creation-date>
    <dc:date>2021-05-25T08:04:39.619337736</dc:date>
    <meta:editing-duration>PT2M11S</meta:editing-duration>
    <meta:editing-cycles>1</meta:editing-cycles>
    <meta:document-statistic meta:object-count="27"/>
    <meta:generator>LibreOffice/7.0.4.2$MacOSX_X86_64 LibreOffice_project/dcf040e67528d9187c66b2379df5ea4407429775</meta:generator>
  </office:meta>
</office:document-meta>