<?xml version="1.0" encoding="UTF-8" standalone="yes"?>
<w:document xmlns:wpc="http://schemas.microsoft.com/office/word/2010/wordprocessingCanvas" xmlns:cx="http://schemas.microsoft.com/office/drawing/2014/chartex" xmlns:cx1="http://schemas.microsoft.com/office/drawing/2015/9/8/chartex" xmlns:cx2="http://schemas.microsoft.com/office/drawing/2015/10/21/chartex" xmlns:cx3="http://schemas.microsoft.com/office/drawing/2016/5/9/chartex" xmlns:cx4="http://schemas.microsoft.com/office/drawing/2016/5/10/chartex" xmlns:cx5="http://schemas.microsoft.com/office/drawing/2016/5/11/chartex" xmlns:cx6="http://schemas.microsoft.com/office/drawing/2016/5/12/chartex" xmlns:cx7="http://schemas.microsoft.com/office/drawing/2016/5/13/chartex" xmlns:cx8="http://schemas.microsoft.com/office/drawing/2016/5/14/chartex" xmlns:mc="http://schemas.openxmlformats.org/markup-compatibility/2006" xmlns:aink="http://schemas.microsoft.com/office/drawing/2016/ink" xmlns:am3d="http://schemas.microsoft.com/office/drawing/2017/model3d" xmlns:o="urn:schemas-microsoft-com:office:office" xmlns:oel="http://schemas.microsoft.com/office/2019/extlst" xmlns:r="http://schemas.openxmlformats.org/officeDocument/2006/relationships" xmlns:m="http://schemas.openxmlformats.org/officeDocument/2006/math" xmlns:v="urn:schemas-microsoft-com:vml" xmlns:wp14="http://schemas.microsoft.com/office/word/2010/wordprocessingDrawing" xmlns:wp="http://schemas.openxmlformats.org/drawingml/2006/wordprocessingDrawing" xmlns:w10="urn:schemas-microsoft-com:office:word" xmlns:w="http://schemas.openxmlformats.org/wordprocessingml/2006/main" xmlns:w14="http://schemas.microsoft.com/office/word/2010/wordml" xmlns:w15="http://schemas.microsoft.com/office/word/2012/wordml" xmlns:w16cex="http://schemas.microsoft.com/office/word/2018/wordml/cex" xmlns:w16cid="http://schemas.microsoft.com/office/word/2016/wordml/cid" xmlns:w16="http://schemas.microsoft.com/office/word/2018/wordml" xmlns:w16sdtdh="http://schemas.microsoft.com/office/word/2020/wordml/sdtdatahash" xmlns:w16se="http://schemas.microsoft.com/office/word/2015/wordml/symex" xmlns:wpg="http://schemas.microsoft.com/office/word/2010/wordprocessingGroup" xmlns:wpi="http://schemas.microsoft.com/office/word/2010/wordprocessingInk" xmlns:wne="http://schemas.microsoft.com/office/word/2006/wordml" xmlns:wps="http://schemas.microsoft.com/office/word/2010/wordprocessingShape" mc:Ignorable="w14 w15 w16se w16cid w16 w16cex w16sdtdh wp14">
  <w:body>
    <w:p w14:paraId="612B3B4A" w14:textId="77777777" w:rsidR="007752A2" w:rsidRDefault="007752A2">
      <w:pPr>
        <w:rPr>
          <w:lang w:val="fr-FR"/>
        </w:rPr>
      </w:pPr>
      <w:r>
        <w:fldChar w:fldCharType="begin"/>
      </w:r>
      <w:r>
        <w:instrText xml:space="preserve">REF _Ref118464422_1 \h</w:instrText>
      </w:r>
      <w:r>
        <w:fldChar w:fldCharType="separate"/>
      </w:r>
      <w:r w:rsidRPr="007752A2">
        <w:rPr>
          <w:lang w:val="en-US"/>
        </w:rPr>
        <w:t>ref 1 car1</w:t>
      </w:r>
      <w:r>
        <w:rPr>
          <w:lang w:val="en-US"/>
        </w:rPr>
        <w:t></w:t>
      </w:r>
      <w:r>
        <w:fldChar w:fldCharType="end"/>
      </w:r>
      <w:r>
        <w:rPr>
          <w:lang w:val="fr-FR"/>
        </w:rPr>
        <w:t xml:space="preserve"></w:t>
      </w:r>
      <w:r>
        <w:rPr>
          <w:lang w:val="fr-FR"/>
        </w:rPr>
        <w:fldChar w:fldCharType="begin"/>
      </w:r>
      <w:r>
        <w:rPr>
          <w:lang w:val="fr-FR"/>
        </w:rPr>
        <w:instrText xml:space="preserve">PAGEREF _Ref118464422_1 \h</w:instrText>
      </w:r>
      <w:r>
        <w:rPr>
          <w:lang w:val="fr-FR"/>
        </w:rPr>
      </w:r>
      <w:r>
        <w:rPr>
          <w:lang w:val="fr-FR"/>
        </w:rPr>
        <w:fldChar w:fldCharType="separate"/>
      </w:r>
      <w:r>
        <w:rPr>
          <w:noProof/>
          <w:lang w:val="fr-FR"/>
        </w:rPr>
        <w:t>2</w:t>
      </w:r>
      <w:r>
        <w:rPr>
          <w:lang w:val="fr-FR"/>
        </w:rPr>
        <w:fldChar w:fldCharType="end"/>
      </w:r>
    </w:p>
    <w:p w14:paraId="612B3B4A" w14:textId="77777777" w:rsidR="007752A2" w:rsidRDefault="007752A2">
      <w:pPr>
        <w:rPr>
          <w:lang w:val="fr-FR"/>
        </w:rPr>
      </w:pPr>
      <w:r>
        <w:fldChar w:fldCharType="begin"/>
      </w:r>
      <w:r>
        <w:instrText xml:space="preserve">REF _Ref118464422_2 \h</w:instrText>
      </w:r>
      <w:r>
        <w:fldChar w:fldCharType="separate"/>
      </w:r>
      <w:r w:rsidRPr="007752A2">
        <w:rPr>
          <w:lang w:val="en-US"/>
        </w:rPr>
        <w:t>ref 1 car2</w:t>
      </w:r>
      <w:r>
        <w:rPr>
          <w:lang w:val="en-US"/>
        </w:rPr>
        <w:t></w:t>
      </w:r>
      <w:r>
        <w:fldChar w:fldCharType="end"/>
      </w:r>
      <w:r>
        <w:rPr>
          <w:lang w:val="fr-FR"/>
        </w:rPr>
        <w:t xml:space="preserve"></w:t>
      </w:r>
      <w:r>
        <w:rPr>
          <w:lang w:val="fr-FR"/>
        </w:rPr>
        <w:fldChar w:fldCharType="begin"/>
      </w:r>
      <w:r>
        <w:rPr>
          <w:lang w:val="fr-FR"/>
        </w:rPr>
        <w:instrText xml:space="preserve">PAGEREF _Ref118464422_2 \h</w:instrText>
      </w:r>
      <w:r>
        <w:rPr>
          <w:lang w:val="fr-FR"/>
        </w:rPr>
      </w:r>
      <w:r>
        <w:rPr>
          <w:lang w:val="fr-FR"/>
        </w:rPr>
        <w:fldChar w:fldCharType="separate"/>
      </w:r>
      <w:r>
        <w:rPr>
          <w:noProof/>
          <w:lang w:val="fr-FR"/>
        </w:rPr>
        <w:t>2</w:t>
      </w:r>
      <w:r>
        <w:rPr>
          <w:lang w:val="fr-FR"/>
        </w:rPr>
        <w:fldChar w:fldCharType="end"/>
      </w:r>
    </w:p>
    <w:p w14:paraId="612B3B4A" w14:textId="77777777" w:rsidR="007752A2" w:rsidRDefault="007752A2">
      <w:pPr>
        <w:rPr>
          <w:lang w:val="fr-FR"/>
        </w:rPr>
      </w:pPr>
      <w:r>
        <w:fldChar w:fldCharType="begin"/>
      </w:r>
      <w:r>
        <w:instrText xml:space="preserve">REF _Ref118464422_3 \h</w:instrText>
      </w:r>
      <w:r>
        <w:fldChar w:fldCharType="separate"/>
      </w:r>
      <w:r w:rsidRPr="007752A2">
        <w:rPr>
          <w:lang w:val="en-US"/>
        </w:rPr>
        <w:t>ref 1 car3</w:t>
      </w:r>
      <w:r>
        <w:rPr>
          <w:lang w:val="en-US"/>
        </w:rPr>
        <w:t></w:t>
      </w:r>
      <w:r>
        <w:fldChar w:fldCharType="end"/>
      </w:r>
      <w:r>
        <w:rPr>
          <w:lang w:val="fr-FR"/>
        </w:rPr>
        <w:t xml:space="preserve"></w:t>
      </w:r>
      <w:r>
        <w:rPr>
          <w:lang w:val="fr-FR"/>
        </w:rPr>
        <w:fldChar w:fldCharType="begin"/>
      </w:r>
      <w:r>
        <w:rPr>
          <w:lang w:val="fr-FR"/>
        </w:rPr>
        <w:instrText xml:space="preserve">PAGEREF _Ref118464422_3 \h</w:instrText>
      </w:r>
      <w:r>
        <w:rPr>
          <w:lang w:val="fr-FR"/>
        </w:rPr>
      </w:r>
      <w:r>
        <w:rPr>
          <w:lang w:val="fr-FR"/>
        </w:rPr>
        <w:fldChar w:fldCharType="separate"/>
      </w:r>
      <w:r>
        <w:rPr>
          <w:noProof/>
          <w:lang w:val="fr-FR"/>
        </w:rPr>
        <w:t>2</w:t>
      </w:r>
      <w:r>
        <w:rPr>
          <w:lang w:val="fr-FR"/>
        </w:rPr>
        <w:fldChar w:fldCharType="end"/>
      </w:r>
    </w:p>
    <w:p w14:paraId="1DC90D05" w14:textId="77777777" w:rsidR="009D7549" w:rsidRDefault="009D7549"/>
    <w:p w14:paraId="14793162" w14:textId="08684835" w:rsidR="007752A2" w:rsidRDefault="007752A2"/>
    <w:p w14:paraId="23A6D74C" w14:textId="529E415F" w:rsidR="007752A2" w:rsidRDefault="007752A2"/>
    <w:p w14:paraId="1C3EAD49" w14:textId="3EA1CA7F" w:rsidR="007752A2" w:rsidRPr="007752A2" w:rsidRDefault="007752A2" w:rsidP="007752A2">
      <w:pPr>
        <w:pStyle w:val="Heading1"/>
        <w:rPr>
          <w:lang w:val="en-US"/>
        </w:rPr>
      </w:pPr>
      <w:bookmarkStart w:id="1000" w:name="_Ref118464422_1"/>
      <w:r w:rsidRPr="007752A2">
        <w:rPr>
          <w:lang w:val="en-US"/>
        </w:rPr>
        <w:t>ref 1 car1</w:t>
      </w:r>
      <w:r>
        <w:rPr>
          <w:lang w:val="en-US"/>
        </w:rPr>
        <w:t></w:t>
      </w:r>
      <w:bookmarkEnd w:id="1000"/>
    </w:p>
    <w:p w14:paraId="723BE3C8" w14:textId="77777777" w:rsidR="007752A2" w:rsidRPr="007752A2" w:rsidRDefault="007752A2">
      <w:pPr>
        <w:rPr>
          <w:lang w:val="en-US"/>
        </w:rPr>
      </w:pPr>
      <w:r w:rsidRPr="007752A2">
        <w:rPr>
          <w:lang w:val="en-US"/>
        </w:rPr>
        <w:br w:type="page"/>
      </w:r>
    </w:p>
    <w:p w14:paraId="1C3EAD49" w14:textId="3EA1CA7F" w:rsidR="007752A2" w:rsidRPr="007752A2" w:rsidRDefault="007752A2" w:rsidP="007752A2">
      <w:pPr>
        <w:pStyle w:val="Heading1"/>
        <w:rPr>
          <w:lang w:val="en-US"/>
        </w:rPr>
      </w:pPr>
      <w:bookmarkStart w:id="2000" w:name="_Ref118464422_2"/>
      <w:r w:rsidRPr="007752A2">
        <w:rPr>
          <w:lang w:val="en-US"/>
        </w:rPr>
        <w:t>ref 1 car2</w:t>
      </w:r>
      <w:r>
        <w:rPr>
          <w:lang w:val="en-US"/>
        </w:rPr>
        <w:t></w:t>
      </w:r>
      <w:bookmarkEnd w:id="2000"/>
    </w:p>
    <w:p w14:paraId="723BE3C8" w14:textId="77777777" w:rsidR="007752A2" w:rsidRPr="007752A2" w:rsidRDefault="007752A2">
      <w:pPr>
        <w:rPr>
          <w:lang w:val="en-US"/>
        </w:rPr>
      </w:pPr>
      <w:r w:rsidRPr="007752A2">
        <w:rPr>
          <w:lang w:val="en-US"/>
        </w:rPr>
        <w:br w:type="page"/>
      </w:r>
    </w:p>
    <w:p w14:paraId="1C3EAD49" w14:textId="3EA1CA7F" w:rsidR="007752A2" w:rsidRPr="007752A2" w:rsidRDefault="007752A2" w:rsidP="007752A2">
      <w:pPr>
        <w:pStyle w:val="Heading1"/>
        <w:rPr>
          <w:lang w:val="en-US"/>
        </w:rPr>
      </w:pPr>
      <w:bookmarkStart w:id="3000" w:name="_Ref118464422_3"/>
      <w:r w:rsidRPr="007752A2">
        <w:rPr>
          <w:lang w:val="en-US"/>
        </w:rPr>
        <w:t>ref 1 car3</w:t>
      </w:r>
      <w:r>
        <w:rPr>
          <w:lang w:val="en-US"/>
        </w:rPr>
        <w:t></w:t>
      </w:r>
      <w:bookmarkEnd w:id="3000"/>
    </w:p>
    <w:p w14:paraId="723BE3C8" w14:textId="77777777" w:rsidR="007752A2" w:rsidRPr="007752A2" w:rsidRDefault="007752A2">
      <w:pPr>
        <w:rPr>
          <w:lang w:val="en-US"/>
        </w:rPr>
      </w:pPr>
      <w:r w:rsidRPr="007752A2">
        <w:rPr>
          <w:lang w:val="en-US"/>
        </w:rPr>
        <w:br w:type="page"/>
      </w:r>
    </w:p>
    <w:sectPr w:rsidR="007752A2" w:rsidRPr="007752A2">
      <w:pgSz w:w="12240" w:h="15840"/>
      <w:pgMar w:top="1440" w:right="1440" w:bottom="1440" w:left="1440" w:header="708" w:footer="708" w:gutter="0"/>
      <w:cols w:space="708"/>
      <w:docGrid w:linePitch="360"/>
    </w:sectPr>
  </w:body>
</w:document>