<?xml version="1.0" encoding="UTF-8" standalone="yes"?>
<w:document xmlns:o="urn:schemas-microsoft-com:office:office"
  xmlns:r="http://schemas.openxmlformats.org/officeDocument/2006/relationships"
  xmlns:v="urn:schemas-microsoft-com:vml"
  xmlns:w="http://schemas.openxmlformats.org/wordprocessingml/2006/main"
  xmlns:w10="urn:schemas-microsoft-com:office:word"
  xmlns:wp="http://schemas.openxmlformats.org/drawingml/2006/wordprocessingDrawing"
  xmlns:wps="http://schemas.microsoft.com/office/word/2010/wordprocessingShape"
  xmlns:wpg="http://schemas.microsoft.com/office/word/2010/wordprocessingGroup"
  xmlns:mc="http://schemas.openxmlformats.org/markup-compatibility/2006"
  xmlns:wp14="http://schemas.microsoft.com/office/word/2010/wordprocessingDrawing"
  xmlns:w14="http://schemas.microsoft.com/office/word/2010/wordml" mc:Ignorable="w14 wp14">
  <w:body>
    <w:p>
      <w:pPr>
        <w:pStyle w:val="Normal"/>
        <w:bidi w:val="0"/>
        <w:jc w:val="left"/>
        <w:rPr></w:rPr>
      </w:pPr>
      <w:r>
        <w:rPr></w:rPr>
        <w:drawing>
          <wp:inline distT="0" distB="0" distL="0" distR="0">
            <wp:extent cx="952500" cy="590550"/>
            <wp:effectExtent l="0" t="0" r="0" b="0"/>
            <wp:docPr id="1000" name="Image1" descr=""></wp:docPr>
            <wp:cNvGraphicFramePr>
              <a:graphicFrameLocks xmlns:a="http://schemas.openxmlformats.org/drawingml/2006/main" noChangeAspect="1"/>
            </wp:cNvGraphicFramePr>
            <a:graphic xmlns:a="http://schemas.openxmlformats.org/drawingml/2006/main">
              <a:graphicData uri="http://schemas.openxmlformats.org/drawingml/2006/picture">
                <pic:pic xmlns:pic="http://schemas.openxmlformats.org/drawingml/2006/picture">
                  <pic:nvPicPr>
                    <pic:cNvPr id="1000" name="" descr=""></pic:cNvPr>
                    <pic:cNvPicPr>
                      <a:picLocks noChangeAspect="1" noChangeArrowheads="1"/>
                    </pic:cNvPicPr>
                  </pic:nvPicPr>
                  <pic:blipFill>
                    <a:blip r:embed="rIdCarbone0"></a:blip>
                    <a:stretch>
                      <a:fillRect/>
                    </a:stretch>
                  </pic:blipFill>
                  <pic:spPr bwMode="auto">
                    <a:xfrm>
                      <a:off x="0" y="0"/>
                      <a:ext cx="952500" cy="590550"/>
                    </a:xfrm>
                    <a:prstGeom prst="rect">
                      <a:avLst/>
                    </a:prstGeom>
                  </pic:spPr>
                </pic:pic>
              </a:graphicData>
            </a:graphic>
          </wp:inline>
        </w:drawing>
      </w:r>
    </w:p>
    <w:p>
      <w:pPr>
        <w:pStyle w:val="Normal"/>
        <w:bidi w:val="0"/>
        <w:jc w:val="left"/>
        <w:rPr></w:rPr>
      </w:pPr>
      <w:r>
        <w:rPr></w:rPr>
      </w:r>
    </w:p>
    <w:p>
      <w:pPr>
        <w:pStyle w:val="Normal"/>
        <w:bidi w:val="0"/>
        <w:jc w:val="left"/>
        <w:rPr></w:rPr>
      </w:pPr>
      <w:r>
        <w:rPr></w:rPr>
        <w:drawing>
          <wp:inline distT="0" distB="0" distL="0" distR="0">
            <wp:extent cx="952500" cy="590550"/>
            <wp:effectExtent l="0" t="0" r="0" b="0"/>
            <wp:docPr id="1001" name="Image1" descr=""></wp:docPr>
            <wp:cNvGraphicFramePr>
              <a:graphicFrameLocks xmlns:a="http://schemas.openxmlformats.org/drawingml/2006/main" noChangeAspect="1"/>
            </wp:cNvGraphicFramePr>
            <a:graphic xmlns:a="http://schemas.openxmlformats.org/drawingml/2006/main">
              <a:graphicData uri="http://schemas.openxmlformats.org/drawingml/2006/picture">
                <pic:pic xmlns:pic="http://schemas.openxmlformats.org/drawingml/2006/picture">
                  <pic:nvPicPr>
                    <pic:cNvPr id="1001" name="" descr=""></pic:cNvPr>
                    <pic:cNvPicPr>
                      <a:picLocks noChangeAspect="1" noChangeArrowheads="1"/>
                    </pic:cNvPicPr>
                  </pic:nvPicPr>
                  <pic:blipFill>
                    <a:blip r:embed="rIdCarbone1"></a:blip>
                    <a:stretch>
                      <a:fillRect/>
                    </a:stretch>
                  </pic:blipFill>
                  <pic:spPr bwMode="auto">
                    <a:xfrm>
                      <a:off x="0" y="0"/>
                      <a:ext cx="952500" cy="590550"/>
                    </a:xfrm>
                    <a:prstGeom prst="rect">
                      <a:avLst/>
                    </a:prstGeom>
                  </pic:spPr>
                </pic:pic>
              </a:graphicData>
            </a:graphic>
          </wp:inline>
        </w:drawing>
      </w:r>
    </w:p>
    <w:p>
      <w:pPr>
        <w:pStyle w:val="Normal"/>
        <w:bidi w:val="0"/>
        <w:jc w:val="left"/>
        <w:rPr></w:rPr>
      </w:pPr>
      <w:r>
        <w:rPr></w:rPr>
      </w:r>
    </w:p>
    <w:p>
      <w:pPr>
        <w:pStyle w:val="Normal"/>
        <w:bidi w:val="0"/>
        <w:jc w:val="left"/>
        <w:rPr></w:rPr>
      </w:pPr>
      <w:r>
        <w:rPr></w:rPr>
        <w:drawing>
          <wp:inline distT="0" distB="0" distL="0" distR="0">
            <wp:extent cx="885825" cy="590550"/>
            <wp:effectExtent l="0" t="0" r="0" b="0"/>
            <wp:docPr id="1002" name="Image1" descr=""></wp:docPr>
            <wp:cNvGraphicFramePr>
              <a:graphicFrameLocks xmlns:a="http://schemas.openxmlformats.org/drawingml/2006/main" noChangeAspect="1"/>
            </wp:cNvGraphicFramePr>
            <a:graphic xmlns:a="http://schemas.openxmlformats.org/drawingml/2006/main">
              <a:graphicData uri="http://schemas.openxmlformats.org/drawingml/2006/picture">
                <pic:pic xmlns:pic="http://schemas.openxmlformats.org/drawingml/2006/picture">
                  <pic:nvPicPr>
                    <pic:cNvPr id="1002" name="" descr=""></pic:cNvPr>
                    <pic:cNvPicPr>
                      <a:picLocks noChangeAspect="1" noChangeArrowheads="1"/>
                    </pic:cNvPicPr>
                  </pic:nvPicPr>
                  <pic:blipFill>
                    <a:blip r:embed="rIdCarbone2"></a:blip>
                    <a:stretch>
                      <a:fillRect/>
                    </a:stretch>
                  </pic:blipFill>
                  <pic:spPr bwMode="auto">
                    <a:xfrm>
                      <a:off x="0" y="0"/>
                      <a:ext cx="885825" cy="590550"/>
                    </a:xfrm>
                    <a:prstGeom prst="rect">
                      <a:avLst/>
                    </a:prstGeom>
                  </pic:spPr>
                </pic:pic>
              </a:graphicData>
            </a:graphic>
          </wp:inline>
        </w:drawing>
      </w:r>
    </w:p>
     <w:p>
      <w:pPr>
        <w:pStyle w:val="Normal"/>
        <w:bidi w:val="0"/>
        <w:jc w:val="left"/>
        <w:rPr></w:rPr>
      </w:pPr>
      <w:r>
        <w:rPr></w:rPr>
      </w:r>
    </w:p>
    <w:p>
      <w:pPr>
        <w:pStyle w:val="Normal"/>
        <w:bidi w:val="0"/>
        <w:jc w:val="left"/>
        <w:rPr></w:rPr>
      </w:pPr>
      <w:r>
        <w:rPr></w:rPr>
        <w:drawing>
          <wp:inline distT="0" distB="0" distL="0" distR="0">
            <wp:extent cx="590550" cy="590550"/>
            <wp:effectExtent l="0" t="0" r="0" b="0"/>
            <wp:docPr id="1003" name="Image1" descr=""></wp:docPr>
            <wp:cNvGraphicFramePr>
              <a:graphicFrameLocks xmlns:a="http://schemas.openxmlformats.org/drawingml/2006/main" noChangeAspect="1"/>
            </wp:cNvGraphicFramePr>
            <a:graphic xmlns:a="http://schemas.openxmlformats.org/drawingml/2006/main">
              <a:graphicData uri="http://schemas.openxmlformats.org/drawingml/2006/picture">
                <pic:pic xmlns:pic="http://schemas.openxmlformats.org/drawingml/2006/picture">
                  <pic:nvPicPr>
                    <pic:cNvPr id="1003" name="" descr=""></pic:cNvPr>
                    <pic:cNvPicPr>
                      <a:picLocks noChangeAspect="1" noChangeArrowheads="1"/>
                    </pic:cNvPicPr>
                  </pic:nvPicPr>
                  <pic:blipFill>
                    <a:blip r:embed="rIdCarbone3"></a:blip>
                    <a:stretch>
                      <a:fillRect/>
                    </a:stretch>
                  </pic:blipFill>
                  <pic:spPr bwMode="auto">
                    <a:xfrm>
                      <a:off x="0" y="0"/>
                      <a:ext cx="590550" cy="590550"/>
                    </a:xfrm>
                    <a:prstGeom prst="rect">
                      <a:avLst/>
                    </a:prstGeom>
                  </pic:spPr>
                </pic:pic>
              </a:graphicData>
            </a:graphic>
          </wp:inline>
        </w:drawing>
      </w:r>
    </w:p>
    <w:p>
      <w:pPr>
        <w:pStyle w:val="Normal"/>
        <w:bidi w:val="0"/>
        <w:jc w:val="left"/>
        <w:rPr></w:rPr>
      </w:pPr>
      <w:r>
        <w:rPr></w:rPr>
      </w:r>
    </w:p>
    <w:sectPr>
      <w:type w:val="nextPage"/>
      <w:pgSz w:w="12240" w:h="15840"/>
      <w:pgMar w:left="1134" w:right="1134" w:header="0" w:top="1134" w:footer="0" w:bottom="1134" w:gutter="0"/>
      <w:pgNumType w:fmt="decimal"/>
      <w:formProt w:val="false"/>
      <w:textDirection w:val="lrTb"/>
      <w:docGrid w:type="default" w:linePitch="100" w:charSpace="0"/>
    </w:sectPr>
  </w:body>
</w:document>