<?xml version="1.0" encoding="UTF-8"?>
<manifest:manifest xmlns:manifest="urn:oasis:names:tc:opendocument:xmlns:manifest:1.0" manifest:version="1.3" xmlns:loext="urn:org:documentfoundation:names:experimental:office:xmlns:loext:1.0">
  <manifest:file-entry manifest:full-path="/" manifest:version="1.3" manifest:media-type="application/vnd.oasis.opendocument.text"/>
  <manifest:file-entry manifest:full-path="ObjectReplacements/Object 2" manifest:media-type="application/x-openoffice-gdimetafile;windows_formatname=&quot;GDIMetaFile&quot;"/>
  <manifest:file-entry manifest:full-path="ObjectReplacements/Object 1" manifest:media-type="application/x-openoffice-gdimetafile;windows_formatname=&quot;GDIMetaFile&quot;"/>
  <manifest:file-entry manifest:full-path="settings.xml" manifest:media-type="text/xml"/>
  <manifest:file-entry manifest:full-path="Object 1/meta.xml" manifest:media-type="text/xml"/>
  <manifest:file-entry manifest:full-path="Object 1/styles.xml" manifest:media-type="text/xml"/>
  <manifest:file-entry manifest:full-path="Object 1/content.xml" manifest:media-type="text/xml"/>
  <manifest:file-entry manifest:full-path="Object 1/" manifest:media-type="application/vnd.oasis.opendocument.chart"/>
  <manifest:file-entry manifest:full-path="Object 2/meta.xml" manifest:media-type="text/xml"/>
  <manifest:file-entry manifest:full-path="Object 2/styles.xml" manifest:media-type="text/xml"/>
  <manifest:file-entry manifest:full-path="Object 2/content.xml" manifest:media-type="text/xml"/>
  <manifest:file-entry manifest:full-path="Object 2/" manifest:media-type="application/vnd.oasis.opendocument.chart"/>
  <manifest:file-entry manifest:full-path="Thumbnails/thumbnail.png" manifest:media-type="image/png"/>
  <manifest:file-entry manifest:full-path="meta.xml" manifest:media-type="text/xml"/>
  <manifest:file-entry manifest:full-path="styles.xml" manifest:media-type="text/xml"/>
  <manifest:file-entry manifest:full-path="content.xml" manifest:media-type="text/xml"/>
  <manifest:file-entry manifest:full-path="Configurations2/" manifest:media-type="application/vnd.sun.xml.ui.configuration"/>
  <manifest:file-entry manifest:full-path="manifest.rdf" manifest:media-type="application/rdf+xml"/>
  <manifest:file-entry manifest:full-path="Pictures/100000010000078000000780798AC2A012CF4BC0.png" manifest:media-type="image/png"/>
  <manifest:file-entry manifest:full-path="Object 1c0/content.xml" manifest:media-type="text/xml"/>
  <manifest:file-entry manifest:full-path="Object 1c0/meta.xml" manifest:media-type="text/xml"/>
  <manifest:file-entry manifest:full-path="Object 1c0/styles.xml" manifest:media-type="text/xml"/>
  <manifest:file-entry manifest:full-path="Object 1c0/" manifest:media-type="application/vnd.oasis.opendocument.chart"/>
  <manifest:file-entry manifest:full-path="Object 1c1/content.xml" manifest:media-type="text/xml"/>
  <manifest:file-entry manifest:full-path="Object 1c1/meta.xml" manifest:media-type="text/xml"/>
  <manifest:file-entry manifest:full-path="Object 1c1/styles.xml" manifest:media-type="text/xml"/>
  <manifest:file-entry manifest:full-path="Object 1c1/" manifest:media-type="application/vnd.oasis.opendocument.chart"/>
  <manifest:file-entry manifest:full-path="Object 2c2/content.xml" manifest:media-type="text/xml"/>
  <manifest:file-entry manifest:full-path="Object 2c2/meta.xml" manifest:media-type="text/xml"/>
  <manifest:file-entry manifest:full-path="Object 2c2/styles.xml" manifest:media-type="text/xml"/>
  <manifest:file-entry manifest:full-path="Object 2c2/" manifest:media-type="application/vnd.oasis.opendocument.chart"/>
  <manifest:file-entry manifest:full-path="Object 2c3/content.xml" manifest:media-type="text/xml"/>
  <manifest:file-entry manifest:full-path="Object 2c3/meta.xml" manifest:media-type="text/xml"/>
  <manifest:file-entry manifest:full-path="Object 2c3/styles.xml" manifest:media-type="text/xml"/>
  <manifest:file-entry manifest:full-path="Object 2c3/" manifest:media-type="application/vnd.oasis.opendocument.chart"/>
</manifest:manifest>