<?xml version="1.0" encoding="UTF-8"?>
<office:document-meta xmlns:grddl="http://www.w3.org/2003/g/data-view#" xmlns:meta="urn:oasis:names:tc:opendocument:xmlns:meta:1.0" xmlns:ooo="http://openoffice.org/2004/office" xmlns:dc="http://purl.org/dc/elements/1.1/" xmlns:xlink="http://www.w3.org/1999/xlink" xmlns:office="urn:oasis:names:tc:opendocument:xmlns:office:1.0" office:version="1.3">
  <office:meta>
    <meta:creation-date>2020-11-15T08:17:57.728335339</meta:creation-date>
    <dc:date>2022-03-18T09:06:31.797905944</dc:date>
    <meta:editing-duration>PT41M19S</meta:editing-duration>
    <meta:editing-cycles>4</meta:editing-cycles>
    <meta:generator>LibreOffice/7.3.1.2$MacOSX_X86_64 LibreOffice_project/9fff0292474d6d0bf5df787b512c71d9ac4bc98e</meta:generator>
    <meta:document-statistic meta:table-count="0" meta:image-count="0" meta:object-count="1" meta:page-count="1" meta:paragraph-count="2" meta:word-count="1" meta:character-count="15" meta:non-whitespace-character-count="15"/>
  </office:meta>
</office:document-meta>