<?xml version="1.0" encoding="UTF-8"?>
<office:document-meta xmlns:grddl="http://www.w3.org/2003/g/data-view#" xmlns:meta="urn:oasis:names:tc:opendocument:xmlns:meta:1.0" xmlns:ooo="http://openoffice.org/2004/office" xmlns:dc="http://purl.org/dc/elements/1.1/" xmlns:xlink="http://www.w3.org/1999/xlink" xmlns:office="urn:oasis:names:tc:opendocument:xmlns:office:1.0" office:version="1.3">
  <office:meta>
    <meta:creation-date>2021-03-29T22:23:54.851281269</meta:creation-date>
    <dc:date>2021-03-29T22:50:03.849255202</dc:date>
    <meta:editing-duration>PT14M3S</meta:editing-duration>
    <meta:editing-cycles>4</meta:editing-cycles>
    <meta:generator>LibreOffice/7.0.4.2$MacOSX_X86_64 LibreOffice_project/dcf040e67528d9187c66b2379df5ea4407429775</meta:generator>
    <meta:document-statistic meta:table-count="0" meta:image-count="1" meta:object-count="0" meta:page-count="1" meta:paragraph-count="0" meta:word-count="0" meta:character-count="0" meta:non-whitespace-character-count="0"/>
  </office:meta>
</office:document-meta>