<?xml version="1.0" encoding="UTF-8"?>
<Types xmlns="http://schemas.openxmlformats.org/package/2006/content-types">
  <Default Extension="xml" ContentType="application/xml"/>
  <Default Extension="rels" ContentType="application/vnd.openxmlformats-package.relationships+xml"/>
  <Default Extension="png" ContentType="image/png"/>
  <Default Extension="jpeg" ContentType="image/jpeg"/>
  <Override PartName="/_rels/.rels" ContentType="application/vnd.openxmlformats-package.relationships+xml"/>
  <Override PartName="/xl/workbook.xml" ContentType="application/vnd.openxmlformats-officedocument.spreadsheetml.sheet.main+xml"/>
  <Override PartName="/xl/drawings/_rels/drawing1.xml.rels" ContentType="application/vnd.openxmlformats-package.relationships+xml"/>
  <Override PartName="/xl/drawings/drawing1.xml" ContentType="application/vnd.openxmlformats-officedocument.drawing+xml"/>
  <Override PartName="/xl/styles.xml" ContentType="application/vnd.openxmlformats-officedocument.spreadsheetml.styles+xml"/>
  <Override PartName="/xl/_rels/workbook.xml.rels" ContentType="application/vnd.openxmlformats-package.relationships+xml"/>
  <Override PartName="/xl/media/image25.jpeg" ContentType="image/jpeg"/>
  <Override PartName="/xl/worksheets/_rels/sheet1.xml.rels" ContentType="application/vnd.openxmlformats-package.relationships+xml"/>
  <Override PartName="/xl/worksheets/sheet1.xml" ContentType="application/vnd.openxmlformats-officedocument.spreadsheetml.worksheet+xml"/>
  <Override PartName="/docProps/core.xml" ContentType="application/vnd.openxmlformats-package.core-properties+xml"/>
  <Override PartName="/docProps/app.xml" ContentType="application/vnd.openxmlformats-officedocument.extended-properties+xml"/>
</Types>