<?xml version="1.0" encoding="UTF-8" standalone="yes"?>
<p:sldLayout xmlns:a="http://schemas.openxmlformats.org/drawingml/2006/main" xmlns:r="http://schemas.openxmlformats.org/officeDocument/2006/relationships" xmlns:p="http://schemas.openxmlformats.org/presentationml/2006/main" type="objTx" preserve="1">
  <p:cSld name="Content with Caption">
    <p:spTree>
      <p:nvGrpSpPr>
        <p:cNvPr id="1" name=""/>
        <p:cNvGrpSpPr/>
        <p:nvPr/>
      </p:nvGrpSpPr>
      <p:grpSpPr>
        <a:xfrm>
          <a:off x="0" y="0"/>
          <a:ext cx="0" cy="0"/>
          <a:chOff x="0" y="0"/>
          <a:chExt cx="0" cy="0"/>
        </a:xfrm>
      </p:grpSpPr>
      <p:sp>
        <p:nvSpPr>
          <p:cNvPr id="2" name="Title 1">
            <a:extLst>
              <a:ext uri="{FF2B5EF4-FFF2-40B4-BE49-F238E27FC236}">
                <a16:creationId xmlns:a16="http://schemas.microsoft.com/office/drawing/2014/main" id="{BEDE284F-5AA1-71CA-4D90-73BC159853A3}"/>
              </a:ext>
            </a:extLst>
          </p:cNvPr>
          <p:cNvSpPr>
            <a:spLocks noGrp="1"/>
          </p:cNvSpPr>
          <p:nvPr>
            <p:ph type="title"/>
          </p:nvPr>
        </p:nvSpPr>
        <p:spPr>
          <a:xfrm>
            <a:off x="839788" y="457200"/>
            <a:ext cx="3932237" cy="1600200"/>
          </a:xfrm>
        </p:spPr>
        <p:txBody>
          <a:bodyPr anchor="b"/>
          <a:lstStyle>
            <a:lvl1pPr>
              <a:defRPr sz="3200"/>
            </a:lvl1pPr>
          </a:lstStyle>
          <a:p>
            <a:r>
              <a:rPr lang="en-GB"/>
              <a:t>
                Click to edit Master title style
              </a:t>
            </a:r>
            <a:endParaRPr lang="en-FR"/>
          </a:p>
        </p:txBody>
      </p:sp>
      <p:sp>
        <p:nvSpPr>
          <p:cNvPr id="3" name="Content Placeholder 2">
            <a:extLst>
              <a:ext uri="{FF2B5EF4-FFF2-40B4-BE49-F238E27FC236}">
                <a16:creationId xmlns:a16="http://schemas.microsoft.com/office/drawing/2014/main" id="{587CC0F1-98E5-CF10-208B-106F25B42FB1}"/>
              </a:ext>
            </a:extLst>
          </p:cNvPr>
          <p:cNvSpPr>
            <a:spLocks noGrp="1"/>
          </p:cNvSpPr>
          <p:nvPr>
            <p:ph idx="1"/>
          </p:nvPr>
        </p:nvSpPr>
        <p:spPr>
          <a:xfrm>
            <a:off x="5183188" y="987425"/>
            <a:ext cx="6172200" cy="4873625"/>
          </a:xfrm>
        </p:spPr>
        <p:txBody>
          <a:bodyPr/>
          <a:lstStyle>
            <a:lvl1pPr>
              <a:defRPr sz="3200"/>
            </a:lvl1pPr>
            <a:lvl2pPr>
              <a:defRPr sz="2800"/>
            </a:lvl2pPr>
            <a:lvl3pPr>
              <a:defRPr sz="2400"/>
            </a:lvl3pPr>
            <a:lvl4pPr>
              <a:defRPr sz="2000"/>
            </a:lvl4pPr>
            <a:lvl5pPr>
              <a:defRPr sz="2000"/>
            </a:lvl5pPr>
            <a:lvl6pPr>
              <a:defRPr sz="2000"/>
            </a:lvl6pPr>
            <a:lvl7pPr>
              <a:defRPr sz="2000"/>
            </a:lvl7pPr>
            <a:lvl8pPr>
              <a:defRPr sz="2000"/>
            </a:lvl8pPr>
            <a:lvl9pPr>
              <a:defRPr sz="2000"/>
            </a:lvl9pPr>
          </a:lstStyle>
          <a:p>
            <a:pPr lvl="0"/>
            <a:r>
              <a:rPr lang="en-GB"/>
              <a:t>
                Click to edit Master text styles
              </a:t>
            </a:r>
          </a:p>
          <a:p>
            <a:pPr lvl="1"/>
            <a:r>
              <a:rPr lang="en-GB"/>
              <a:t>
                Second level
              </a:t>
            </a:r>
          </a:p>
          <a:p>
            <a:pPr lvl="2"/>
            <a:r>
              <a:rPr lang="en-GB"/>
              <a:t>
                Third level
              </a:t>
            </a:r>
          </a:p>
          <a:p>
            <a:pPr lvl="3"/>
            <a:r>
              <a:rPr lang="en-GB"/>
              <a:t>
                Fourth level
              </a:t>
            </a:r>
          </a:p>
          <a:p>
            <a:pPr lvl="4"/>
            <a:r>
              <a:rPr lang="en-GB"/>
              <a:t>
                Fifth level
              </a:t>
            </a:r>
            <a:endParaRPr lang="en-FR"/>
          </a:p>
        </p:txBody>
      </p:sp>
      <p:sp>
        <p:nvSpPr>
          <p:cNvPr id="4" name="Text Placeholder 3">
            <a:extLst>
              <a:ext uri="{FF2B5EF4-FFF2-40B4-BE49-F238E27FC236}">
                <a16:creationId xmlns:a16="http://schemas.microsoft.com/office/drawing/2014/main" id="{AE5EB017-A9F1-4F93-3BB9-C6E0741DC29E}"/>
              </a:ext>
            </a:extLst>
          </p:cNvPr>
          <p:cNvSpPr>
            <a:spLocks noGrp="1"/>
          </p:cNvSpPr>
          <p:nvPr>
            <p:ph type="body" sz="half" idx="2"/>
          </p:nvPr>
        </p:nvSpPr>
        <p:spPr>
          <a:xfrm>
            <a:off x="839788" y="2057400"/>
            <a:ext cx="3932237" cy="3811588"/>
          </a:xfrm>
        </p:spPr>
        <p:txBody>
          <a:bodyPr/>
          <a:lstStyle>
            <a:lvl1pPr marL="0" indent="0">
              <a:buNone/>
              <a:defRPr sz="1600"/>
            </a:lvl1pPr>
            <a:lvl2pPr marL="457200" indent="0">
              <a:buNone/>
              <a:defRPr sz="1400"/>
            </a:lvl2pPr>
            <a:lvl3pPr marL="914400" indent="0">
              <a:buNone/>
              <a:defRPr sz="1200"/>
            </a:lvl3pPr>
            <a:lvl4pPr marL="1371600" indent="0">
              <a:buNone/>
              <a:defRPr sz="1000"/>
            </a:lvl4pPr>
            <a:lvl5pPr marL="1828800" indent="0">
              <a:buNone/>
              <a:defRPr sz="1000"/>
            </a:lvl5pPr>
            <a:lvl6pPr marL="2286000" indent="0">
              <a:buNone/>
              <a:defRPr sz="1000"/>
            </a:lvl6pPr>
            <a:lvl7pPr marL="2743200" indent="0">
              <a:buNone/>
              <a:defRPr sz="1000"/>
            </a:lvl7pPr>
            <a:lvl8pPr marL="3200400" indent="0">
              <a:buNone/>
              <a:defRPr sz="1000"/>
            </a:lvl8pPr>
            <a:lvl9pPr marL="3657600" indent="0">
              <a:buNone/>
              <a:defRPr sz="1000"/>
            </a:lvl9pPr>
          </a:lstStyle>
          <a:p>
            <a:pPr lvl="0"/>
            <a:r>
              <a:rPr lang="en-GB"/>
              <a:t>
                Click to edit Master text styles
              </a:t>
            </a:r>
          </a:p>
        </p:txBody>
      </p:sp>
      <p:sp>
        <p:nvSpPr>
          <p:cNvPr id="5" name="Date Placeholder 4">
            <a:extLst>
              <a:ext uri="{FF2B5EF4-FFF2-40B4-BE49-F238E27FC236}">
                <a16:creationId xmlns:a16="http://schemas.microsoft.com/office/drawing/2014/main" id="{D0D8D267-24D6-0DFB-6B62-8F8ACAB98FF4}"/>
              </a:ext>
            </a:extLst>
          </p:cNvPr>
          <p:cNvSpPr>
            <a:spLocks noGrp="1"/>
          </p:cNvSpPr>
          <p:nvPr>
            <p:ph type="dt" sz="half" idx="10"/>
          </p:nvPr>
        </p:nvSpPr>
        <p:spPr/>
        <p:txBody>
          <a:bodyPr/>
          <a:lstStyle/>
          <a:p>
            <a:fld id="{226441E3-5DBC-BF48-8218-8C7F8E3AB3C5}" type="datetimeFigureOut">
              <a:rPr lang="en-FR" smtClean="0"/>
              <a:t>
                13/10/2022
              </a:t>
            </a:fld>
            <a:endParaRPr lang="en-FR"/>
          </a:p>
        </p:txBody>
      </p:sp>
      <p:sp>
        <p:nvSpPr>
          <p:cNvPr id="6" name="Footer Placeholder 5">
            <a:extLst>
              <a:ext uri="{FF2B5EF4-FFF2-40B4-BE49-F238E27FC236}">
                <a16:creationId xmlns:a16="http://schemas.microsoft.com/office/drawing/2014/main" id="{86EF30BF-A448-491A-F9D3-557A5BBEF9F7}"/>
              </a:ext>
            </a:extLst>
          </p:cNvPr>
          <p:cNvSpPr>
            <a:spLocks noGrp="1"/>
          </p:cNvSpPr>
          <p:nvPr>
            <p:ph type="ftr" sz="quarter" idx="11"/>
          </p:nvPr>
        </p:nvSpPr>
        <p:spPr/>
        <p:txBody>
          <a:bodyPr/>
          <a:lstStyle/>
          <a:p>
            <a:endParaRPr lang="en-FR"/>
          </a:p>
        </p:txBody>
      </p:sp>
      <p:sp>
        <p:nvSpPr>
          <p:cNvPr id="7" name="Slide Number Placeholder 6">
            <a:extLst>
              <a:ext uri="{FF2B5EF4-FFF2-40B4-BE49-F238E27FC236}">
                <a16:creationId xmlns:a16="http://schemas.microsoft.com/office/drawing/2014/main" id="{D12E0213-5265-CFC4-7D37-CC4296739C4C}"/>
              </a:ext>
            </a:extLst>
          </p:cNvPr>
          <p:cNvSpPr>
            <a:spLocks noGrp="1"/>
          </p:cNvSpPr>
          <p:nvPr>
            <p:ph type="sldNum" sz="quarter" idx="12"/>
          </p:nvPr>
        </p:nvSpPr>
        <p:spPr/>
        <p:txBody>
          <a:bodyPr/>
          <a:lstStyle/>
          <a:p>
            <a:fld id="{2E8F4118-AB3D-EE40-9AA2-FCAC6C1FB27C}" type="slidenum">
              <a:rPr lang="en-FR" smtClean="0"/>
              <a:t>
                ‹#›
              </a:t>
            </a:fld>
            <a:endParaRPr lang="en-FR"/>
          </a:p>
        </p:txBody>
      </p:sp>
    </p:spTree>
    <p:extLst>
      <p:ext uri="{BB962C8B-B14F-4D97-AF65-F5344CB8AC3E}">
        <p14:creationId xmlns:p14="http://schemas.microsoft.com/office/powerpoint/2010/main" val="3753928582"/>
      </p:ext>
    </p:extLst>
  </p:cSld>
  <p:clrMapOvr>
    <a:masterClrMapping/>
  </p:clrMapOvr>
</p:sldLayout>