<?xml version="1.0" encoding="UTF-8" standalone="yes"?>
<worksheet xmlns="http://schemas.openxmlformats.org/spreadsheetml/2006/main" xmlns:r="http://schemas.openxmlformats.org/officeDocument/2006/relationships">
  <sheetPr filterMode="false">
    <pageSetUpPr fitToPage="false"/>
  </sheetPr>
  <dimension ref="B1:F24"/>
  <sheetViews>
    <sheetView showFormulas="false" showGridLines="true" showRowColHeaders="true" showZeros="true" rightToLeft="false" tabSelected="false" showOutlineSymbols="true" defaultGridColor="true" view="normal" topLeftCell="A10" colorId="64" zoomScale="100" zoomScaleNormal="100" zoomScalePageLayoutView="100" workbookViewId="0">
      <selection pane="topLeft" activeCell="C31" activeCellId="0" sqref="C31"/>
    </sheetView>
  </sheetViews>
  <sheetFormatPr defaultColWidth="11.60546875" defaultRowHeight="12.8" zeroHeight="false" outlineLevelRow="0" outlineLevelCol="0"></sheetFormatPr>
  <sheetData>
    <row  customFormat="false" ht="12.8" hidden="false" customHeight="false" outlineLevel="0" collapsed="false">
      <c  s="1" t="inlineStr">
        <is>
          <t xml:space="preserve">Flag Français</t>
        </is>
      </c>
      <c  s="1" t="inlineStr">
        <is>
          <t xml:space="preserve">Flag Italie</t>
        </is>
      </c>
    </row>
    <row  customFormat="false" ht="12.8" hidden="false" customHeight="false" outlineLevel="0" collapsed="false">
      <c  s="1" t="inlineStr">
        <is>
          <t xml:space="preserve">Flag Français (old Base64)</t>
        </is>
      </c>
      <c  s="1" t="inlineStr">
        <is>
          <t xml:space="preserve">Flag DE</t>
        </is>
      </c>
    </row>
    <row  customFormat="false" ht="12.8" hidden="false" customHeight="false" outlineLevel="0" collapsed="false">
      <c  s="1" t="inlineStr">
        <is>
          <t xml:space="preserve">Logo</t>
        </is>
      </c>
    </row>
    <row  customFormat="false" ht="12.8" hidden="false" customHeight="false" outlineLevel="0" collapsed="false">
      <c  s="1" t="inlineStr">
        <is>
          <t xml:space="preserve">Error1</t>
        </is>
      </c>
      <c  s="1" t="inlineStr">
        <is>
          <t xml:space="preserve">Error2</t>
        </is>
      </c>
      <c  s="1" t="inlineStr">
        <is>
          <t xml:space="preserve">Error3</t>
        </is>
      </c>
    </row>
  </sheetData>
  <printOptions headings="false" gridLines="false" gridLinesSet="true" horizontalCentered="false" verticalCentered="false"/>
  <pageMargins left="0.7875" right="0.7875" top="1.05277777777778" bottom="1.05277777777778" header="0.7875" footer="0.7875"/>
  <pageSetup paperSize="1" scale="100" firstPageNumber="1" fitToWidth="1" fitToHeight="1" pageOrder="downThenOver" orientation="portrait" blackAndWhite="false" draft="false" cellComments="none" useFirstPageNumber="true" horizontalDpi="300" verticalDpi="300" copies="1"/>
  <headerFooter differentFirst="false" differentOddEven="false">
    <oddHeader>&amp;C&amp;&quot;Times New Roman,Regular&quot;&amp;12&amp;A</oddHeader>
    <oddFooter>&amp;C&amp;&quot;Times New Roman,Regular&quot;&amp;12Page &amp;P</oddFooter>
  </headerFooter>
  <drawing r:id="rId1"/>
</worksheet>